Microchip MPLAB XC8 Compiler V3.00

Linker command line:

-W-3 \
  --edf=C:/Program Files/Microchip/MPLABX/v6.25/packs/Microchip/PIC18F-K_DFP/1.14.301/xc8\pic\dat\20241213203129_en.msgs \
  -cn -h+dist/default/production\Assignment.X.production.sym \
  --cmf=dist/default/production\Assignment.X.production.cmf -z -Q18F45K22 \
  -oC:\Users\767905\AppData\Local\Temp\xcAs468.\driver_tmp_3.o \
  --defsym=__MPLAB_BUILD=1 --fixupoverflow=error \
  -Mdist/default/production/Assignment.X.production.map \
  --md=C:\Users\767905\AppData\Local\Temp\xcAs468.\driver_tmp_0.dat -E1 \
  -ver=XC8 Compiler -ACODE=00h-07FFFh -ACONST=00h-07FFFh \
  -ASMALLCONST=0600h-06FFhx122 -AMEDIUMCONST=0600h-07FFFh -ACOMRAM=01h-05Fh \
  -AABS1=00h-05FFh -ABIGRAM=01h-05FFh -ARAM=060h-0FFh,0100h-01FFhx5 \
  -ABANK0=060h-0FFh -ABANK1=0100h-01FFh -ABANK2=0200h-02FFh \
  -ABANK3=0300h-03FFh -ABANK4=0400h-04FFh -ABANK5=0500h-05FFh \
  -ASFR=0F38h-0F5Fh,0F60h-0FFFh -ABIGSFR=0F38h-0FFFh \
  -ACONFIG=0300000h-030000Dh -AIDLOC=0200000h-0200007h \
  -AEEDATA=0F00000h-0F000FFh -peeprom_data=EEDATA \
  -preset_vec=00h,intcode=8h,intcodelo=18h,sivt_lo,sivt_hi=CODE \
  -ppowerup=CODE,init -pramtop=0600h -psmallconst=SMALLCONST \
  -pmediumconst=MEDIUMCONST -pconst=CONST -AFARRAM=00h-00h \
  -prdata=COMRAM,nvrram=COMRAM,nvbit=COMRAM,rbss=COMRAM,rbit=COMRAM \
  -pfarbss=FARRAM,fardata=FARRAM,nvFARRAM=FARRAM \
  -pintsave_regs=BIGRAM,bigbss=BIGRAM,bigdata=BIGRAM -pbss=RAM \
  -pidata=CODE,irdata=CODE,ibigdata=CODE,ifardata=CODE -prparam=COMRAM \
  C:\Users\767905\AppData\Local\Temp\xcAs468.\driver_tmp_14.o \
  dist/default/production\Assignment.X.production.o 

Object code version is 3.11

Machine type is 18F45K22



                Name                               Link     Load   Length Selector   Space Scale
C:\Users\767905\AppData\Local\Temp\xcAs468.\driver_tmp_14.o
                config                           300000   300000        E        0       4
                init                                 3C       3C        4        4       0
                reset_vec                             0        0        4        0       0
dist/default/production\Assignment.X.production.o
                intcode                               8        8       34        4       0
                config                           300000   300000        E        0       4
                temp                                 5D       5D        1        1       1
                smallconst                          600      600       DA      300       0
                text59                             20FA     20FA       70      36D       0
                text57                             2086     2086       74      36D       0
                text56                             13DA     13DA      132      36D       0
                text55                             26F2     26F2       12      36D       0
                text54                             25E6     25E6       26      36D       0
                text53                             26DC     26DC       16      36D       0
                text52                             26C6     26C6       16      36D       0
                text51                             253A     253A       30      36D       0
                text50                             2712     2712        E      36D       0
                text49                             2002     2002       84      36D       0
                text48                             150C     150C      112      36D       0
                text47                             2508     2508       32      36D       0
                text46                             26B0     26B0       16      36D       0
                text45                             2704     2704        E      36D       0
                text44                             22EE     22EE       48      36D       0
                text43                              E02      E02      19C      36D       0
                text42                             1EF6     1EF6       88      36D       0
                text41                             1D46     1D46       96      36D       0
                text40                             1C0E     1C0E       A2      36D       0
                text39                             1706     1706       E4      36D       0
                text38                             1F7E     1F7E       84      36D       0
                text37                             260C     260C       24      36D       0
                text36                             266C     266C       18      36D       0
                text35                             2596     2596       2A      36D       0
                text34                             2650     2650       1C      36D       0
                text33                             2238     2238       5E      36D       0
                text32                              6DA      6DA      288      36D       0
                text31                             1B6A     1B6A       A4      36D       0
                text30                             18AC     18AC       C2      36D       0
                text29                             2296     2296       58      36D       0
                text28                             256A     256A       2C      36D       0
                text27                             216A     216A       6A      36D       0
                text26                             1DDC     1DDC       90      36D       0
                text25                             269A     269A       16      36D       0
                text24                             24D6     24D6       32      36D       0
                text23                             1CB0     1CB0       96      36D       0
                text22                             2378     2378       42      36D       0
                text21                             2336     2336       42      36D       0
                text20                             2630     2630       20      36D       0
                text19                             2684     2684       16      36D       0
                text18                             2720     2720        6      36D       0
                text17                             25C0     25C0       26      36D       0
                text16                             21D4     21D4       64      36D       0
                text15                             161E     161E       E8      36D       0
                text14                             17EA     17EA       C2      36D       0
                text13                             196E     196E       AE      36D       0
                text12                             24A2     24A2       34      36D       0
                text11                             2726     2726        2      36D       0
                text10                             1A1C     1A1C       AA      36D       0
                text9                              23FA     23FA       3C      36D       0
                text8                              1E6C     1E6C       8A      36D       0
                text7                              1118     1118      164      36D       0
                text6                              1AC6     1AC6       A4      36D       0
                text5                              127C     127C      15E      36D       0
                text4                               BB8      BB8      24A      36D       0
                text3                              23BA     23BA       40      36D       0
                text2                              246E     246E       34      36D       0
                text1                               962      962      256      36D       0
                text0                               F9E      F9E      17A      36D       0
                cstackCOMRAM                          1        1       48        1       1
                cstackBANK0                          A4       A4       15       60       1
                dataBANK0                            B9       B9        1       60       1
                bssBANK0                             60       60       44       60       1
                bssCOMRAM                            49       49       14        1       1
                cinit                              2436     2436       38      36D       0
                idataBANK0                         2728     2728        1      36D       0

TOTAL           Name                               Link     Load   Length     Space
        CLASS   CODE           
                intcode                               8        8       34         0
                init                                 3C       3C        4         0
                reset_vec                             0        0        4         0
                text59                             20FA     20FA       70         0
                text57                             2086     2086       74         0
                text56                             13DA     13DA      132         0
                text55                             26F2     26F2       12         0
                text54                             25E6     25E6       26         0
                text53                             26DC     26DC       16         0
                text52                             26C6     26C6       16         0
                text51                             253A     253A       30         0
                text50                             2712     2712        E         0
                text49                             2002     2002       84         0
                text48                             150C     150C      112         0
                text47                             2508     2508       32         0
                text46                             26B0     26B0       16         0
                text45                             2704     2704        E         0
                text44                             22EE     22EE       48         0
                text43                              E02      E02      19C         0
                text42                             1EF6     1EF6       88         0
                text41                             1D46     1D46       96         0
                text40                             1C0E     1C0E       A2         0
                text39                             1706     1706       E4         0
                text38                             1F7E     1F7E       84         0
                text37                             260C     260C       24         0
                text36                             266C     266C       18         0
                text35                             2596     2596       2A         0
                text34                             2650     2650       1C         0
                text33                             2238     2238       5E         0
                text32                              6DA      6DA      288         0
                text31                             1B6A     1B6A       A4         0
                text30                             18AC     18AC       C2         0
                text29                             2296     2296       58         0
                text28                             256A     256A       2C         0
                text27                             216A     216A       6A         0
                text26                             1DDC     1DDC       90         0
                text25                             269A     269A       16         0
                text24                             24D6     24D6       32         0
                text23                             1CB0     1CB0       96         0
                text22                             2378     2378       42         0
                text21                             2336     2336       42         0
                text20                             2630     2630       20         0
                text19                             2684     2684       16         0
                text18                             2720     2720        6         0
                text17                             25C0     25C0       26         0
                text16                             21D4     21D4       64         0
                text15                             161E     161E       E8         0
                text14                             17EA     17EA       C2         0
                text13                             196E     196E       AE         0
                text12                             24A2     24A2       34         0
                text11                             2726     2726        2         0
                text10                             1A1C     1A1C       AA         0
                text9                              23FA     23FA       3C         0
                text8                              1E6C     1E6C       8A         0
                text7                              1118     1118      164         0
                text6                              1AC6     1AC6       A4         0
                text5                              127C     127C      15E         0
                text4                               BB8      BB8      24A         0
                text3                              23BA     23BA       40         0
                text2                              246E     246E       34         0
                text1                               962      962      256         0
                text0                               F9E      F9E      17A         0
                cinit                              2436     2436       38         0
                idataBANK0                         2728     2728        1         0

        CLASS   CONST          

        CLASS   SMALLCONST     
                smallconst                          600      600       DA         0

        CLASS   MEDIUMCONST    

        CLASS   COMRAM         
                temp                                 5D       5D        1         1
                cstackCOMRAM                          1        1       48         1
                bssCOMRAM                            49       49       14         1

        CLASS   ABS1           

        CLASS   BIGRAM         

        CLASS   RAM            

        CLASS   BANK0          
                cstackBANK0                          A4       A4       15         1
                dataBANK0                            B9       B9        1         1
                bssBANK0                             60       60       44         1

        CLASS   BANK1          

        CLASS   BANK2          

        CLASS   BANK3          

        CLASS   BANK4          

        CLASS   BANK5          

        CLASS   SFR            

        CLASS   BIGSFR         

        CLASS   CONFIG         
                config                           300000   300000        E         4

        CLASS   IDLOC          

        CLASS   EEDATA         

        CLASS   FARRAM         

        CLASS   HEAP           

        CLASS   STACK          



SEGMENTS        Name                           Load    Length   Top    Selector   Space  Class

                reset_vec                      000000  000004  000004         0       0  CODE    
                cstackCOMRAM                   000001  00005D  00005E         1       1  COMRAM  
                intcode                        000008  000038  000040         4       0  CODE    
                bssBANK0                       000060  00005A  0000BA        60       1  BANK0   
                smallconst                     000600  0000DA  0006DA       300       0  SMALLCON
                text32                         0006DA  00204F  002729       36D       0  CODE    


UNUSED ADDRESS RANGES

        Name                Unused          Largest block    Delta
        BANK0            0000BA-0000FF               46
        BANK1            000100-0001FF              100
        BANK2            000200-0002FF              100
        BANK3            000300-0003FF              100
        BANK4            000400-0004FF              100
        BANK5            000500-0005FF              100
        BIGRAM           00005E-00005F                2
                         0000BA-0005FF              546
        BIGSFR           000F38-000FFF               C8
        CODE             000004-000007                4
                         000040-0005FF              5C0
                         002729-007FFF             58D7
        COMRAM           00005E-00005F                2
        CONST            000004-000007                4
                         000040-0005FF              5C0
                         002729-007FFF             58D7
        EEDATA           F00000-F000FF              100
        IDLOC            200000-200007                8
        MEDIUMCONST      002729-007FFF             58D7
        RAM              0000BA-0005FF              100
        SFR              000F38-000FFF               28
        SMALLCONST       002729-007FFF              100

                                  Symbol Table

?_LM35_Read_Temp               cstackCOMRAM 00000F
?___awdiv                      cstackCOMRAM 000003
?___awmod                      cstackCOMRAM 000003
?___lldiv                      cstackCOMRAM 000003
?___llmod                      cstackCOMRAM 000003
?___lmul                       cstackCOMRAM 000003
?___lwdiv                      cstackCOMRAM 000003
?___lwmod                      cstackCOMRAM 00000A
?_abs                          cstackCOMRAM 000009
?_read_prec_or_width           cstackCOMRAM 000003
?_sprintf                      cstackCOMRAM 000031
?_vfprintf                     cstackCOMRAM 00002D
Check_Heating_Logic@end_mins   cstackCOMRAM 00000E
Check_Heating_Logic@now_mins   cstackCOMRAM 000010
Check_Heating_Logic@start_mins cstackCOMRAM 00000C
EEPROM_Load_Settings@check     cstackCOMRAM 000010
EEPROM_Load_Settings@s         cstackCOMRAM 00000F
EEPROM_Save_Settings@s         cstackCOMRAM 00000E
Get_Button@button              cstackCOMRAM 000003
Get_Button@last                cstackCOMRAM 000005
Handle_Input@btn               cstackCOMRAM 000011
I2C1_Init_Master@brg           cstackCOMRAM 000018
I2C1_Init_Master@i2c_hz        cstackCOMRAM 000010
I2C1_Read_ACK@v                cstackCOMRAM 000004
I2C1_Read_NACK@v               cstackCOMRAM 000004
I2C1_Write@b                   cstackCOMRAM 000004
LCD_Char@dat                   cstackCOMRAM 000005
LCD_Cmd@cmd                    cstackCOMRAM 000006
LCD_Nibble@nibble              cstackCOMRAM 000004
LCD_Set_Cursor@address         cstackCOMRAM 000009
LCD_Set_Cursor@col             cstackCOMRAM 000007
LCD_Set_Cursor@row             cstackCOMRAM 000008
LCD_String@str                 cstackCOMRAM 000006
LM35_Read_Temp@adc_val         cstackCOMRAM 000019
LM35_Read_Temp@temp            cstackCOMRAM 000015
RTC_Get_Date@b                 cstackCOMRAM 000011
RTC_Get_Date@t                 cstackCOMRAM 000010
RTC_Get_Time@b                 cstackCOMRAM 000011
RTC_Get_Time@t                 cstackCOMRAM 000010
Read_Byte@a7_0                 cstackCOMRAM 00000A
Read_Byte@addr10               cstackCOMRAM 000006
Read_Byte@devR                 cstackCOMRAM 000009
Read_Byte@devW                 cstackCOMRAM 000008
Read_Byte@v                    cstackCOMRAM 00000B
SevenSeg_Update_Value@number   cstackCOMRAM 00000F
Update_Display@buffer          cstackBANK0  0000A6
Write_Byte@a7_0                cstackCOMRAM 00000C
Write_Byte@addr10              cstackCOMRAM 000006
Write_Byte@data                cstackCOMRAM 000008
Write_Byte@devW                cstackCOMRAM 00000D
Write_Byte@tries               cstackCOMRAM 00000A
_ADCON0bits                    (abs)        000FC2
_ADCON1bits                    (abs)        000FC1
_ADCON2bits                    (abs)        000FC0
_ADRESH                        (abs)        000FC4
_ADRESL                        (abs)        000FC3
_ANSELA                        (abs)        000F38
_ANSELB                        (abs)        000F39
_ANSELC                        (abs)        000F3A
_ANSELD                        (abs)        000F3B
_ANSELE                        (abs)        000F3C
_ANSELEbits                    (abs)        000F3C
_Button_Read                   text39       001706
_Check_Heating_Logic           text56       0013DA
_Controls_Init                 text55       0026F2
_EEPROM_Load_Settings          text43       000E02
_EEPROM_Save_Settings          text48       00150C
_Get_Button                    text40       001C0E
_Handle_Alarm                  text41       001D46
_Handle_Input                  text32       0006DA
_I2C1_Init_Master              text30       0018AC
_I2C1_Read_ACK                 text24       0024D6
_I2C1_Read_NACK                text47       002508
_I2C1_Restart                  text46       0026B0
_I2C1_Start                    text53       0026DC
_I2C1_Stop                     text52       0026C6
_I2C1_WaitIdle                 text54       0025E6
_I2C1_Write                    text51       00253A
_INT0_DefaultInterruptHandler  (abs)        000000
_INT0_InterruptHandler         bssBANK0     000074
_INT1_DefaultInterruptHandler  (abs)        000000
_INT1_InterruptHandler         bssBANK0     000072
_INT2_DefaultInterruptHandler  (abs)        000000
_INT2_InterruptHandler         bssBANK0     000070
_INTCON2bits                   (abs)        000FF1
_INTCON3bits                   (abs)        000FF0
_INTCONbits                    (abs)        000FF2
_IOCB                          (abs)        000F62
_ISR                           intcode      000008
_LATA                          (abs)        000F89
_LATB                          (abs)        000F8A
_LATBbits                      (abs)        000F8A
_LATC                          (abs)        000F8B
_LATCbits                      (abs)        000F8B
_LATD                          (abs)        000F8C
_LATE                          (abs)        000F8D
_LATEbits                      (abs)        000F8D
_LCD_Char                      text34       002650
_LCD_Clear                     text36       00266C
_LCD_Cmd                       text37       00260C
_LCD_Init                      text29       002296
_LCD_Nibble                    text38       001F7E
_LCD_Set_Cursor                text35       002596
_LCD_String                    text33       002238
_LM35_Init                     text28       00256A
_LM35_Read_Temp                text26       001DDC
_OSCCON                        (abs)        000FD3
_OSCCON2                       (abs)        000FD2
_OSCCONbits                    (abs)        000FD3
_OSCTUNE                       (abs)        000F9B
_PORTCbits                     (abs)        000F82
_RCONbits                      (abs)        000FD0
_RTC_Get_Date                  text22       002378
_RTC_Get_Time                  text21       002336
_RTC_Init                      text18       002720
_Read_Byte                     text44       0022EE
_SEG_MAP                       smallconst   000601
_SSP1ADD                       (abs)        000FC8
_SSP1BUF                       (abs)        000FC9
_SSP1CON1                      (abs)        000FC6
_SSP1CON2                      (abs)        000FC5
_SSP1STAT                      (abs)        000FC7
_SevenSeg_ISR_Handler          text59       0020FA
_SevenSeg_Init                 text17       0025C0
_SevenSeg_Update_Value         text15       00161E
_T0CONbits                     (abs)        000FD5
_TMR0H                         (abs)        000FD7
_TMR0L                         (abs)        000FD6
_TRISA                         (abs)        000F92
_TRISB                         (abs)        000F93
_TRISC                         (abs)        000F94
_TRISCbits                     (abs)        000F94
_TRISD                         (abs)        000F95
_TRISE                         (abs)        000F96
_TRISEbits                     (abs)        000F96
_Update_Display                text1        000962
_Update_Display$632            cstackBANK0  0000B7
_Update_Display$633            cstackBANK0  0000B8
_WPUB                          (abs)        000F61
_Write_Byte                    text49       002002
__HRAM                         (abs)        000000
__H__absolute__                __absolute__ 000000
__Habs1                        abs1         000000
__Hbank0                       bank0        000000
__Hbank1                       bank1        000000
__Hbank2                       bank2        000000
__Hbank3                       bank3        000000
__Hbank4                       bank4        000000
__Hbank5                       bank5        000000
__Hbigbss                      bigbss       000000
__Hbigdata                     bigdata      000000
__Hbigram                      bigram       000000
__Hbigsfr                      bigsfr       000000
__Hbss                         bss          000000
__HbssBANK0                    bssBANK0     000000
__HbssCOMRAM                   bssCOMRAM    000000
__Hcinit                       cinit        000000
__Hclrtext                     clrtext      000000
__Hcomram                      comram       000000
__Hconfig                      config       30000E
__Hconst                       const        000000
__HcstackBANK0                 cstackBANK0  000000
__HcstackCOMRAM                cstackCOMRAM 000000
__Hdata                        data         000000
__HdataBANK0                   dataBANK0    000000
__Heeprom_data                 eeprom_data  000000
__Hfarbss                      farbss       000000
__Hfardata                     fardata      000000
__Hheap                        heap         000000
__Hibigdata                    ibigdata     000000
__Hidata                       idata        000000
__HidataBANK0                  idataBANK0   000000
__Hidloc                       idloc        000000
__Hifardata                    ifardata     000000
__Hinit                        init         000040
__Hintcode                     intcode      00003C
__Hintcode_body                intcode_body 000000
__Hintcodelo                   intcodelo    000018
__Hintentry                    intentry     000000
__Hintret                      intret       000000
__Hintsave_regs                intsave_regs 000000
__Hirdata                      irdata       000000
__Hmediumconst                 mediumconst  000000
__HnvFARRAM                    nvFARRAM     000000
__Hnvbit                       nvbit        000000
__Hnvrram                      nvrram       000000
__Hparam                       rparam       000000
__Hpowerup                     powerup      000000
__Hram                         ram          000000
__Hramtop                      ramtop       000600
__Hrbit                        rbit         000000
__Hrbss                        rbss         000000
__Hrdata                       rdata        000000
__Hreset_vec                   reset_vec    000004
__Hrparam                      rparam       000000
__Hsfr                         sfr          000000
__Hsivt_hi                     sivt_hi      000000
__Hsivt_lo                     sivt_lo      000018
__Hsmallconst                  smallconst   0006DA
__Hspace_0                     (abs)        002729
__Hspace_1                     (abs)        0000BA
__Hspace_2                     (abs)        000000
__Hspace_4                     (abs)        60000E
__Hstack                       stack        000000
__Hstruct                      struct       000000
__Htemp                        temp         00005E
__Htext                        text         000000
__Htext0                       text0        000000
__Htext1                       text1        000000
__Htext10                      text10       000000
__Htext11                      text11       000000
__Htext12                      text12       000000
__Htext13                      text13       000000
__Htext14                      text14       000000
__Htext15                      text15       000000
__Htext16                      text16       000000
__Htext17                      text17       000000
__Htext18                      text18       000000
__Htext19                      text19       000000
__Htext2                       text2        000000
__Htext20                      text20       000000
__Htext21                      text21       000000
__Htext22                      text22       000000
__Htext23                      text23       000000
__Htext24                      text24       000000
__Htext25                      text25       000000
__Htext26                      text26       000000
__Htext27                      text27       000000
__Htext28                      text28       000000
__Htext29                      text29       000000
__Htext3                       text3        000000
__Htext30                      text30       000000
__Htext31                      text31       000000
__Htext32                      text32       000000
__Htext33                      text33       000000
__Htext34                      text34       000000
__Htext35                      text35       000000
__Htext36                      text36       000000
__Htext37                      text37       000000
__Htext38                      text38       000000
__Htext39                      text39       000000
__Htext4                       text4        000000
__Htext40                      text40       000000
__Htext41                      text41       000000
__Htext42                      text42       000000
__Htext43                      text43       000000
__Htext44                      text44       000000
__Htext45                      text45       000000
__Htext46                      text46       000000
__Htext47                      text47       000000
__Htext48                      text48       000000
__Htext49                      text49       000000
__Htext5                       text5        000000
__Htext50                      text50       000000
__Htext51                      text51       000000
__Htext52                      text52       000000
__Htext53                      text53       000000
__Htext54                      text54       000000
__Htext55                      text55       000000
__Htext56                      text56       000000
__Htext57                      text57       000000
__Htext59                      text59       000000
__Htext6                       text6        000000
__Htext7                       text7        000000
__Htext8                       text8        000000
__Htext9                       text9        000000
__LRAM                         (abs)        000001
__L__absolute__                __absolute__ 000000
__Labs1                        abs1         000000
__Lbank0                       bank0        000000
__Lbank1                       bank1        000000
__Lbank2                       bank2        000000
__Lbank3                       bank3        000000
__Lbank4                       bank4        000000
__Lbank5                       bank5        000000
__Lbigbss                      bigbss       000000
__Lbigdata                     bigdata      000000
__Lbigram                      bigram       000000
__Lbigsfr                      bigsfr       000000
__Lbss                         bss          000000
__LbssBANK0                    bssBANK0     000000
__LbssCOMRAM                   bssCOMRAM    000000
__Lcinit                       cinit        000000
__Lclrtext                     clrtext      000000
__Lcomram                      comram       000000
__Lconfig                      config       000000
__Lconst                       const        000000
__LcstackBANK0                 cstackBANK0  000000
__LcstackCOMRAM                cstackCOMRAM 000000
__Ldata                        data         000000
__LdataBANK0                   dataBANK0    000000
__Leeprom_data                 eeprom_data  000000
__Lfarbss                      farbss       000000
__Lfardata                     fardata      000000
__Lheap                        heap         000000
__Libigdata                    ibigdata     000000
__Lidata                       idata        000000
__LidataBANK0                  idataBANK0   000000
__Lidloc                       idloc        000000
__Lifardata                    ifardata     000000
__Linit                        init         00003C
__Lintcode                     intcode      000008
__Lintcode_body                intcode_body 000000
__Lintcodelo                   intcodelo    000018
__Lintentry                    intentry     000000
__Lintret                      intret       000000
__Lintsave_regs                intsave_regs 000000
__Lirdata                      irdata       000000
__Lmediumconst                 mediumconst  000000
__LnvFARRAM                    nvFARRAM     000000
__Lnvbit                       nvbit        000000
__Lnvrram                      nvrram       000000
__Lparam                       rparam       000000
__Lpowerup                     powerup      000000
__Lram                         ram          000000
__Lramtop                      ramtop       000600
__Lrbit                        rbit         000000
__Lrbss                        rbss         000000
__Lrdata                       rdata        000000
__Lreset_vec                   reset_vec    000000
__Lrparam                      rparam       000000
__Lsfr                         sfr          000000
__Lsivt_hi                     sivt_hi      000000
__Lsivt_lo                     sivt_lo      000018
__Lsmallconst                  smallconst   000600
__Lspace_0                     (abs)        000000
__Lspace_1                     (abs)        000000
__Lspace_2                     (abs)        000000
__Lspace_4                     (abs)        000000
__Lstack                       stack        000000
__Lstruct                      struct       000000
__Ltemp                        temp         00005D
__Ltext                        text         000000
__Ltext0                       text0        000000
__Ltext1                       text1        000000
__Ltext10                      text10       000000
__Ltext11                      text11       000000
__Ltext12                      text12       000000
__Ltext13                      text13       000000
__Ltext14                      text14       000000
__Ltext15                      text15       000000
__Ltext16                      text16       000000
__Ltext17                      text17       000000
__Ltext18                      text18       000000
__Ltext19                      text19       000000
__Ltext2                       text2        000000
__Ltext20                      text20       000000
__Ltext21                      text21       000000
__Ltext22                      text22       000000
__Ltext23                      text23       000000
__Ltext24                      text24       000000
__Ltext25                      text25       000000
__Ltext26                      text26       000000
__Ltext27                      text27       000000
__Ltext28                      text28       000000
__Ltext29                      text29       000000
__Ltext3                       text3        000000
__Ltext30                      text30       000000
__Ltext31                      text31       000000
__Ltext32                      text32       000000
__Ltext33                      text33       000000
__Ltext34                      text34       000000
__Ltext35                      text35       000000
__Ltext36                      text36       000000
__Ltext37                      text37       000000
__Ltext38                      text38       000000
__Ltext39                      text39       000000
__Ltext4                       text4        000000
__Ltext40                      text40       000000
__Ltext41                      text41       000000
__Ltext42                      text42       000000
__Ltext43                      text43       000000
__Ltext44                      text44       000000
__Ltext45                      text45       000000
__Ltext46                      text46       000000
__Ltext47                      text47       000000
__Ltext48                      text48       000000
__Ltext49                      text49       000000
__Ltext5                       text5        000000
__Ltext50                      text50       000000
__Ltext51                      text51       000000
__Ltext52                      text52       000000
__Ltext53                      text53       000000
__Ltext54                      text54       000000
__Ltext55                      text55       000000
__Ltext56                      text56       000000
__Ltext57                      text57       000000
__Ltext59                      text59       000000
__Ltext6                       text6        000000
__Ltext7                       text7        000000
__Ltext8                       text8        000000
__Ltext9                       text9        000000
__S0                           (abs)        002729
__S1                           (abs)        0000BA
__S4                           (abs)        000000
__S5                           (abs)        000000
___awdiv                       text14       0017EA
___awdiv@counter               cstackCOMRAM 000007
___awdiv@dividend              cstackCOMRAM 000003
___awdiv@divisor               cstackCOMRAM 000005
___awdiv@quotient              cstackCOMRAM 000009
___awdiv@sign                  cstackCOMRAM 000008
___awmod                       text13       00196E
___awmod@counter               cstackCOMRAM 000007
___awmod@dividend              cstackCOMRAM 000003
___awmod@divisor               cstackCOMRAM 000005
___awmod@sign                  cstackCOMRAM 000008
___heap_hi                     (abs)        000000
___heap_lo                     (abs)        000000
___inthi_sp                    stack        000000
___inthi_stack_hi              stack        000000
___inthi_stack_lo              stack        000000
___intlo_sp                    stack        000000
___intlo_stack_hi              stack        000000
___intlo_stack_lo              stack        000000
___lldiv                       text31       001B6A
___lldiv@counter               cstackCOMRAM 00000F
___lldiv@dividend              cstackCOMRAM 000003
___lldiv@divisor               cstackCOMRAM 000007
___lldiv@quotient              cstackCOMRAM 00000B
___llmod                       text42       001EF6
___llmod@counter               cstackCOMRAM 00000B
___llmod@dividend              cstackCOMRAM 000003
___llmod@divisor               cstackCOMRAM 000007
___lmul                        text27       00216A
___lmul@multiplicand           cstackCOMRAM 000007
___lmul@multiplier             cstackCOMRAM 000003
___lmul@product                cstackCOMRAM 00000B
___lwdiv                       text57       002086
___lwdiv@counter               cstackCOMRAM 000009
___lwdiv@dividend              cstackCOMRAM 000003
___lwdiv@divisor               cstackCOMRAM 000005
___lwdiv@quotient              cstackCOMRAM 000007
___lwmod                       text16       0021D4
___lwmod@counter               cstackCOMRAM 00000E
___lwmod@dividend              cstackCOMRAM 00000A
___lwmod@divisor               cstackCOMRAM 00000C
___param_bank                  (abs)        000000
___rparam_used                 (abs)        000001
___sp                          stack        000000
___stack_hi                    stack        000000
___stack_lo                    stack        000000
__accesstop                    (abs)        000060
__activetblptr                 (abs)        000002
__end_of_Button_Read           text39       0017EA
__end_of_Check_Heating_Logic   text56       00150C
__end_of_Controls_Init         text55       002704
__end_of_EEPROM_Load_Settings  text43       000F9E
__end_of_EEPROM_Save_Settings  text48       00161E
__end_of_Get_Button            text40       001CB0
__end_of_Handle_Alarm          text41       001DDC
__end_of_Handle_Input          text32       000962
__end_of_I2C1_Init_Master      text30       00196E
__end_of_I2C1_Read_ACK         text24       002508
__end_of_I2C1_Read_NACK        text47       00253A
__end_of_I2C1_Restart          text46       0026C6
__end_of_I2C1_Start            text53       0026F2
__end_of_I2C1_Stop             text52       0026DC
__end_of_I2C1_WaitIdle         text54       00260C
__end_of_I2C1_Write            text51       00256A
__end_of_ISR                   intcode      00003C
__end_of_LCD_Char              text34       00266C
__end_of_LCD_Clear             text36       002684
__end_of_LCD_Cmd               text37       002630
__end_of_LCD_Init              text29       0022EE
__end_of_LCD_Nibble            text38       002002
__end_of_LCD_Set_Cursor        text35       0025C0
__end_of_LCD_String            text33       002296
__end_of_LM35_Init             text28       002596
__end_of_LM35_Read_Temp        text26       001E6C
__end_of_RTC_Get_Date          text22       0023BA
__end_of_RTC_Get_Time          text21       002378
__end_of_RTC_Init              text18       002726
__end_of_Read_Byte             text44       002336
__end_of_SEG_MAP               smallconst   00060B
__end_of_SevenSeg_ISR_Handler  text59       00216A
__end_of_SevenSeg_Init         text17       0025E6
__end_of_SevenSeg_Update_Value text15       001706
__end_of_Update_Display        text1        000BB8
__end_of_Write_Byte            text49       002086
__end_of___awdiv               text14       0018AC
__end_of___awmod               text13       001A1C
__end_of___lldiv               text31       001C0E
__end_of___llmod               text42       001F7E
__end_of___lmul                text27       0021D4
__end_of___lwdiv               text57       0020FA
__end_of___lwmod               text16       002238
__end_of__initialization       cinit        002460
__end_of_abs                   text12       0024D6
__end_of_bcd_to_dec            text25       0026B0
__end_of_dtoa                  text7        00127C
__end_of_fputc                 text10       001AC6
__end_of_fputs                 text9        002436
__end_of_m24c08_devsel_read    text45       002712
__end_of_m24c08_devsel_write   text50       002720
__end_of_main                  text0        001118
__end_of_pad                   text8        001EF6
__end_of_putch                 text11       002728
__end_of_read_prec_or_width    text6        001B6A
__end_of_rtc16_default_cfg     text19       00269A
__end_of_rtc16_read_regs       text23       001D46
__end_of_rtc16_write_reg       text20       002650
__end_of_sprintf               text2        0024A2
__end_of_stoa                  text5        0013DA
__end_of_vfpfcnvrt             text4        000E02
__end_of_vfprintf              text3        0023FA
__initialization               cinit        002436
__mediumconst                  smallconst   000600
__pbssBANK0                    bssBANK0     000060
__pbssCOMRAM                   bssCOMRAM    000049
__pcinit                       cinit        002436
__pcstackBANK0                 cstackBANK0  0000A4
__pcstackCOMRAM                cstackCOMRAM 000001
__pdataBANK0                   dataBANK0    0000B9
__pidataBANK0                  idataBANK0   002728
__pintcode                     intcode      000008
__psmallconst                  smallconst   000600
__ptext0                       text0        000F9E
__ptext1                       text1        000962
__ptext10                      text10       001A1C
__ptext11                      text11       002726
__ptext12                      text12       0024A2
__ptext13                      text13       00196E
__ptext14                      text14       0017EA
__ptext15                      text15       00161E
__ptext16                      text16       0021D4
__ptext17                      text17       0025C0
__ptext18                      text18       002720
__ptext19                      text19       002684
__ptext2                       text2        00246E
__ptext20                      text20       002630
__ptext21                      text21       002336
__ptext22                      text22       002378
__ptext23                      text23       001CB0
__ptext24                      text24       0024D6
__ptext25                      text25       00269A
__ptext26                      text26       001DDC
__ptext27                      text27       00216A
__ptext28                      text28       00256A
__ptext29                      text29       002296
__ptext3                       text3        0023BA
__ptext30                      text30       0018AC
__ptext31                      text31       001B6A
__ptext32                      text32       0006DA
__ptext33                      text33       002238
__ptext34                      text34       002650
__ptext35                      text35       002596
__ptext36                      text36       00266C
__ptext37                      text37       00260C
__ptext38                      text38       001F7E
__ptext39                      text39       001706
__ptext4                       text4        000BB8
__ptext40                      text40       001C0E
__ptext41                      text41       001D46
__ptext42                      text42       001EF6
__ptext43                      text43       000E02
__ptext44                      text44       0022EE
__ptext45                      text45       002704
__ptext46                      text46       0026B0
__ptext47                      text47       002508
__ptext48                      text48       00150C
__ptext49                      text49       002002
__ptext5                       text5        00127C
__ptext50                      text50       002712
__ptext51                      text51       00253A
__ptext52                      text52       0026C6
__ptext53                      text53       0026DC
__ptext54                      text54       0025E6
__ptext55                      text55       0026F2
__ptext56                      text56       0013DA
__ptext57                      text57       002086
__ptext59                      text59       0020FA
__ptext6                       text6        001AC6
__ptext7                       text7        001118
__ptext8                       text8        001E6C
__ptext9                       text9        0023FA
__ramtop                       ramtop       000600
__smallconst                   smallconst   000600
_abs                           text12       0024A2
_alarm_active                  bssCOMRAM    000054
_bcd_to_dec                    text25       00269A
_current_date                  bssBANK0     0000A1
_current_digit                 bssCOMRAM    000052
_current_state                 bssBANK0     000076
_current_temp_c                bssCOMRAM    00004F
_current_temp_raw              bssBANK0     00006E
_current_time                  bssCOMRAM    000056
_dbuf                          bssBANK0     000077
_digits                        bssBANK0     000060
_dtoa                          text7        001118
_dtoa$1907                     cstackCOMRAM 00001A
_flags                         bssCOMRAM    000051
_fputc                         text10       001A1C
_fputs                         text9        0023FA
_heater_state                  bssCOMRAM    000055
_last_btn_back                 bssCOMRAM    000059
_last_btn_down                 bssCOMRAM    00005B
_last_btn_enter                bssCOMRAM    00005A
_last_btn_up                   bssCOMRAM    00005C
_last_check                    bssBANK0     000064
_last_drawn_state              dataBANK0    0000B9
_last_tick                     bssBANK0     000068
_m24c08_devsel_read            text45       002704
_m24c08_devsel_write           text50       002712
_main                          text0        000F9E
_pad                           text8        001E6C
_prec                          bssBANK0     00006C
_putch                         text11       002726
_read_prec_or_width            text6        001AC6
_rtc16_default_cfg             text19       002684
_rtc16_read_regs               text23       001CB0
_rtc16_read_regs$1030          cstackCOMRAM 00000D
_rtc16_write_reg               text20       002630
_settings                      bssBANK0     000097
_sprintf                       text2        00246E
_stoa                          text5        00127C
_system_ticks                  bssCOMRAM    000049
_vfpfcnvrt                     text4        000BB8
_vfprintf                      text3        0023BA
_width                         bssCOMRAM    00004D
abs@a                          cstackCOMRAM 000009
bcd_to_dec@b                   cstackCOMRAM 000004
btemp                          temp         00005D
dtoa@d                         cstackCOMRAM 000018
dtoa@fp                        cstackCOMRAM 000017
dtoa@i                         cstackCOMRAM 000020
dtoa@p                         cstackCOMRAM 00001C
dtoa@s                         cstackCOMRAM 00001F
dtoa@w                         cstackCOMRAM 00001D
end_of_initialization          cinit        002460
fputc@c                        cstackCOMRAM 000003
fputc@fp                       cstackCOMRAM 000005
fputs@c                        cstackCOMRAM 00000D
fputs@fp                       cstackCOMRAM 00000C
fputs@i                        cstackCOMRAM 00000E
fputs@s                        cstackCOMRAM 00000B
int$flags                      temp         00005D
intlevel0                      text         000000
intlevel1                      text         000000
intlevel2                      text         000000
intlevel3                      text         000000
isa$std                        (abs)        000001
isa$xinst                      (abs)        000000
m24c08_devsel_read@a9a8        cstackCOMRAM 000005
m24c08_devsel_read@addr10      cstackCOMRAM 000003
m24c08_devsel_write@a9a8       cstackCOMRAM 000005
m24c08_devsel_write@addr10     cstackCOMRAM 000003
pad@buf                        cstackCOMRAM 000011
pad@fp                         cstackCOMRAM 000010
pad@i                          cstackCOMRAM 000015
pad@p                          cstackCOMRAM 000012
read_prec_or_width@ap          cstackCOMRAM 000004
read_prec_or_width@c           cstackCOMRAM 000007
read_prec_or_width@fmt         cstackCOMRAM 000003
read_prec_or_width@n           cstackCOMRAM 000008
rtc16_read_regs@buf            cstackCOMRAM 000005
rtc16_read_regs@i              cstackCOMRAM 00000F
rtc16_read_regs@len            cstackCOMRAM 000006
rtc16_read_regs@reg            cstackCOMRAM 00000C
rtc16_write_reg@reg            cstackCOMRAM 000006
rtc16_write_reg@val            cstackCOMRAM 000005
sprintf@ap                     cstackCOMRAM 00003D
sprintf@f                      cstackCOMRAM 00003E
sprintf@fmt                    cstackCOMRAM 000032
sprintf@s                      cstackCOMRAM 000031
stackhi                        (abs)        000000
stacklo                        (abs)        000000
start                          init         00003C
start_initialization           cinit        002436
stoa@cp                        cstackCOMRAM 000014
stoa@fp                        cstackCOMRAM 00000B
stoa@l                         cstackCOMRAM 000016
stoa@p                         cstackCOMRAM 000010
stoa@s                         cstackCOMRAM 00000C
stoa@w                         cstackCOMRAM 000012
ttemp5                         temp         00005E
ttemp6                         temp         000061
ttemp7                         temp         000065
vfpfcnvrt@ap                   cstackCOMRAM 000024
vfpfcnvrt@convarg              cstackCOMRAM 000027
vfpfcnvrt@cp                   cstackCOMRAM 00002B
vfpfcnvrt@done                 cstackCOMRAM 00002C
vfpfcnvrt@fmt                  cstackCOMRAM 000023
vfpfcnvrt@fp                   cstackCOMRAM 000022
vfprintf@ap                    cstackCOMRAM 00002F
vfprintf@cfmt                  cstackCOMRAM 000030
vfprintf@fmt                   cstackCOMRAM 00002E
vfprintf@fp                    cstackCOMRAM 00002D
wtemp8                         temp         00005E


MODULE INFORMATION

Module		Function		Class		Link	Load	Size
C:\Program Files\Microchip\xc8\v3.00\pic\sources\c99\common\abs.c
		_abs           		CODE           	24A2	0000	52

C:\Program Files\Microchip\xc8\v3.00\pic\sources\c99\common\abs.c estimated size: 52

C:\Program Files\Microchip\xc8\v3.00\pic\sources\c99\common\nf_fputc.c
		_fputc         		CODE           	1A1C	0000	170

C:\Program Files\Microchip\xc8\v3.00\pic\sources\c99\common\nf_fputc.c estimated size: 170

sevenseg.c
		_SevenSeg_Update_Value		CODE           	161E	0000	232
		_SevenSeg_ISR_Handler		CODE           	20FA	0000	112
		_SevenSeg_Init 		CODE           	25C0	0000	38

sevenseg.c estimated size: 382

C:\Program Files\Microchip\xc8\v3.00\pic\sources\c99\common\nf_sprintf.c
		_sprintf       		CODE           	246E	0000	52

C:\Program Files\Microchip\xc8\v3.00\pic\sources\c99\common\nf_sprintf.c estimated size: 52

i2c.c
		_I2C1_Restart  		CODE           	26B0	0000	22
		_I2C1_Read_ACK 		CODE           	24D6	0000	50
		_I2C1_WaitIdle 		CODE           	25E6	0000	38
		_I2C1_Read_NACK		CODE           	2508	0000	50
		_I2C1_Init_Master		CODE           	18AC	0000	194
		_I2C1_Stop     		CODE           	26C6	0000	22
		_I2C1_Write    		CODE           	253A	0000	48
		_I2C1_Start    		CODE           	26DC	0000	22

i2c.c estimated size: 446

buttons.c
		_Controls_Init 		CODE           	26F2	0000	18
		_Button_Read   		CODE           	1706	0000	228
		_Get_Button    		CODE           	1C0E	0000	162

buttons.c estimated size: 408

eeprom.c
		_m24c08_devsel_write		CODE           	2712	0000	14
		_Read_Byte     		CODE           	22EE	0000	72
		_EEPROM_Load_Settings		CODE           	0E02	0000	412
		_EEPROM_Save_Settings		CODE           	150C	0000	274
		_m24c08_devsel_read		CODE           	2704	0000	14
		_Write_Byte    		CODE           	2002	0000	132

eeprom.c estimated size: 918

C:\Program Files\Microchip\xc8\v3.00\pic\sources\c99\common\lwmod.c
		___lwmod       		CODE           	21D4	0000	100

C:\Program Files\Microchip\xc8\v3.00\pic\sources\c99\common\lwmod.c estimated size: 100

C:\Program Files\Microchip\xc8\v3.00\pic\sources\c99\common\awmod.c
		___awmod       		CODE           	196E	0000	174

C:\Program Files\Microchip\xc8\v3.00\pic\sources\c99\common\awmod.c estimated size: 174

C:\Program Files\Microchip\xc8\v3.00\pic\sources\c99\common\putch.c
		_putch         		CODE           	2726	0000	2

C:\Program Files\Microchip\xc8\v3.00\pic\sources\c99\common\putch.c estimated size: 2

C:\Program Files\Microchip\xc8\v3.00\pic\sources\c99\common\llmod.c
		___llmod       		CODE           	1EF6	0000	136

C:\Program Files\Microchip\xc8\v3.00\pic\sources\c99\common\llmod.c estimated size: 136

C:\Program Files\Microchip\xc8\v3.00\pic\sources\c99\common\Umul32.c
		___lmul        		CODE           	216A	0000	106

C:\Program Files\Microchip\xc8\v3.00\pic\sources\c99\common\Umul32.c estimated size: 106

C:\Program Files\Microchip\xc8\v3.00\pic\sources\c99\common\__lldiv.c
		___lldiv       		CODE           	1B6A	0000	164

C:\Program Files\Microchip\xc8\v3.00\pic\sources\c99\common\__lldiv.c estimated size: 164

shared
		_SEG_MAP       		SMALLCONST     	0601	0000	10
		__initialization		CODE           	2436	0000	42

shared estimated size: 52

C:\Program Files\Microchip\xc8\v3.00\pic\sources\c99\common\nf_fputs.c
		_fputs         		CODE           	23FA	0000	60

C:\Program Files\Microchip\xc8\v3.00\pic\sources\c99\common\nf_fputs.c estimated size: 60

rtc.c
		_rtc16_default_cfg		CODE           	2684	0000	22
		_bcd_to_dec    		CODE           	269A	0000	22
		_rtc16_read_regs		CODE           	1CB0	0000	150
		_RTC_Init      		CODE           	2720	0000	6
		_RTC_Get_Date  		CODE           	2378	0000	66
		_RTC_Get_Time  		CODE           	2336	0000	66
		_rtc16_write_reg		CODE           	2630	0000	32

rtc.c estimated size: 364

lcd.c
		_LCD_String    		CODE           	2238	0000	94
		_LCD_Init      		CODE           	2296	0000	88
		_LCD_Cmd       		CODE           	260C	0000	36
		_LCD_Nibble    		CODE           	1F7E	0000	132
		_LCD_Char      		CODE           	2650	0000	28
		_LCD_Set_Cursor		CODE           	2596	0000	42
		_LCD_Clear     		CODE           	266C	0000	24

lcd.c estimated size: 444

lm35.c
		_LM35_Init     		CODE           	256A	0000	44
		_LM35_Read_Temp		CODE           	1DDC	0000	144

lm35.c estimated size: 188

C:\Program Files\Microchip\xc8\v3.00\pic\sources\c99\common\lwdiv.c
		___lwdiv       		CODE           	2086	0000	116

C:\Program Files\Microchip\xc8\v3.00\pic\sources\c99\common\lwdiv.c estimated size: 116

C:\Program Files\Microchip\xc8\v3.00\pic\sources\c99\common\awdiv.c
		___awdiv       		CODE           	17EA	0000	194

C:\Program Files\Microchip\xc8\v3.00\pic\sources\c99\common\awdiv.c estimated size: 194

main.c
		_Handle_Alarm  		CODE           	1D46	0000	150
		_Handle_Input  		CODE           	06DA	0000	648
		_ISR           		CODE           	0008	0000	52
		_Check_Heating_Logic		CODE           	13DA	0000	306
		_main          		CODE           	0F9E	0000	378
		_Update_Display		CODE           	0962	0000	598

main.c estimated size: 2132

C:\Program Files\Microchip\xc8\v3.00\pic\sources\c99\common\doprnt.c
		_read_prec_or_width		CODE           	1AC6	0000	164
		_vfpfcnvrt     		CODE           	0BB8	0000	586
		_pad           		CODE           	1E6C	0000	138
		_dtoa          		CODE           	1118	0000	356
		_vfprintf      		CODE           	23BA	0000	64
		_stoa          		CODE           	127C	0000	350

C:\Program Files\Microchip\xc8\v3.00\pic\sources\c99\common\doprnt.c estimated size: 1658

