Microchip MPLAB XC8 Compiler V3.00

Linker command line:

-W-3 \
  --edf=C:/Program Files/Microchip/MPLABX/v6.25/packs/Microchip/PIC18F-K_DFP/1.14.301/xc8\pic\dat\20241213203129_en.msgs \
  -cn -h+dist/default/production\Assignment.X.production.sym \
  --cmf=dist/default/production\Assignment.X.production.cmf -z -Q18F45K22 \
  -oC:\Users\767905\AppData\Local\Temp\xcAsch0.\driver_tmp_3.o \
  --defsym=__MPLAB_BUILD=1 --fixupoverflow=error \
  -Mdist/default/production/Assignment.X.production.map \
  --md=C:\Users\767905\AppData\Local\Temp\xcAsch0.\driver_tmp_0.dat -E1 \
  -ver=XC8 Compiler -ACODE=00h-07FFFh -ACONST=00h-07FFFh \
  -ASMALLCONST=0600h-06FFhx122 -AMEDIUMCONST=0600h-07FFFh -ACOMRAM=01h-05Fh \
  -AABS1=00h-05FFh -ABIGRAM=01h-05FFh -ARAM=060h-0FFh,0100h-01FFhx5 \
  -ABANK0=060h-0FFh -ABANK1=0100h-01FFh -ABANK2=0200h-02FFh \
  -ABANK3=0300h-03FFh -ABANK4=0400h-04FFh -ABANK5=0500h-05FFh \
  -ASFR=0F38h-0F5Fh,0F60h-0FFFh -ABIGSFR=0F38h-0FFFh \
  -ACONFIG=0300000h-030000Dh -AIDLOC=0200000h-0200007h \
  -AEEDATA=0F00000h-0F000FFh -peeprom_data=EEDATA \
  -preset_vec=00h,intcode=8h,intcodelo=18h,sivt_lo,sivt_hi=CODE \
  -ppowerup=CODE,init -pramtop=0600h -psmallconst=SMALLCONST \
  -pmediumconst=MEDIUMCONST -pconst=CONST -AFARRAM=00h-00h \
  -prdata=COMRAM,nvrram=COMRAM,nvbit=COMRAM,rbss=COMRAM,rbit=COMRAM \
  -pfarbss=FARRAM,fardata=FARRAM,nvFARRAM=FARRAM \
  -pintsave_regs=BIGRAM,bigbss=BIGRAM,bigdata=BIGRAM -pbss=RAM \
  -pidata=CODE,irdata=CODE,ibigdata=CODE,ifardata=CODE -prparam=COMRAM \
  C:\Users\767905\AppData\Local\Temp\xcAsch0.\driver_tmp_14.o \
  dist/default/production\Assignment.X.production.o 

Object code version is 3.11

Machine type is 18F45K22



                Name                               Link     Load   Length Selector   Space Scale
C:\Users\767905\AppData\Local\Temp\xcAsch0.\driver_tmp_14.o
                config                           300000   300000        E        0       4
                init                                 96       96        4        4       0
                reset_vec                             0        0        4        0       0
dist/default/production\Assignment.X.production.o
                intcode                               8        8       8E        4       0
                config                           300000   300000        E        0       4
                temp                                 4B       4B        1        1       1
                mediumconst                        7EC2     7EC2      13E     3F61       0
                text72                             27C8     27C8        4        4       0
                text71                             1118     1118      10A        4       0
                text70                             17E8     17E8       B0        4       0
                text69                             278C     278C       12        4       0
                text68                             1222     1222       F6        4       0
                text67                             1FC4     1FC4       70        4       0
                text65                             2692     2692       24        4       0
                text64                             1F4E     1F4E       76        4       0
                text63                              DB0      DB0      134        4       0
                text62                             277A     277A       12        4       0
                text61                             261E     261E       28        4       0
                text60                             2752     2752       16        4       0
                text59                             273C     273C       16        4       0
                text58                             2566     2566       32        4       0
                text57                             27AE     27AE       10        4       0
                text56                             1D18     1D18       94        4       0
                text55                              EE4      EE4      128        4       0
                text54                             2532     2532       34        4       0
                text53                             2726     2726       16        4       0
                text52                             279E     279E       10        4       0
                text51                             2234     2234       56        4       0
                text50                              772      772      1B2        4       0
                text49                             27C4     27C4        4        4       0
                text48                             100C     100C      10C        4       0
                text47                             1684     1684       B4        4       0
                text46                             2034     2034       6E        4       0
                text45                             24FE     24FE       34        4       0
                text44                             1A98     1A98       A6        4       0
                text43                             1B3E     1B3E       A2        4       0
                text42                             1318     1318       F4        4       0
                text41                             2768     2768       12        4       0
                text40                             1EC6     1EC6       88        4       0
                text39                             25F2     25F2       2C        4       0
                text38                             270C     270C       1A        4       0
                text37                             2598     2598       2E        4       0
                text36                             26B6     26B6       22        4       0
                text35                             21D4     21D4       60        4       0
                text34                               9A       9A      3B8        4       0
                text33                             19F2     19F2       A6        4       0
                text32                             14FA     14FA       C6        4       0
                text31                             2174     2174       60        4       0
                text30                             25C6     25C6       2C        4       0
                text29                             20A2     20A2       6C        4       0
                text28                             1C80     1C80       98        4       0
                text27                             26F2     26F2       1A        4       0
                text26                             24CA     24CA       34        4       0
                text25                             1BE0     1BE0       A0        4       0
                text24                             22D4     22D4       4A        4       0
                text23                             228A     228A       4A        4       0
                text22                             266C     266C       26        4       0
                text21                             26D8     26D8       1A        4       0
                text20                             27BE     27BE        6        4       0
                text19                             15C0     15C0       C4        4       0
                text18                             1738     1738       B0        4       0
                text17                             23E2     23E2       3E        4       0
                text16                             23A4     23A4       3E        4       0
                text15                             2646     2646       26        4       0
                text14                             210E     210E       66        4       0
                text13                             140C     140C       EE        4       0
                text12                             2494     2494       36        4       0
                text11                             27CC     27CC        2        4       0
                text10                             1946     1946       AC        4       0
                text9                              2364     2364       40        4       0
                text8                              1DAC     1DAC       90        4       0
                text7                               C48      C48      168        4       0
                text6                              1898     1898       AE        4       0
                text5                               ACA      ACA      17E        4       0
                text4                              231E     231E       46        4       0
                text3                              2420     2420       3C        4       0
                text2                               452      452      320        4       0
                text1                              1E3C     1E3C       8A        4       0
                text0                               924      924      1A6        4       0
                cstackCOMRAM                          1        1       28        1       1
                cstackBANK0                          60       60       5D       60       1
                dataBANK0                            F7       F7        1       60       1
                bssBANK0                             BD       BD       3A       60       1
                bssCOMRAM                            29       29       22        1       1
                cinit                              245C     245C       38        4       0
                idataBANK0                         27CE     27CE        1        4       0

TOTAL           Name                               Link     Load   Length     Space
        CLASS   CODE           
                intcode                               8        8       8E         0
                init                                 96       96        4         0
                reset_vec                             0        0        4         0
                text72                             27C8     27C8        4         0
                text71                             1118     1118      10A         0
                text70                             17E8     17E8       B0         0
                text69                             278C     278C       12         0
                text68                             1222     1222       F6         0
                text67                             1FC4     1FC4       70         0
                text65                             2692     2692       24         0
                text64                             1F4E     1F4E       76         0
                text63                              DB0      DB0      134         0
                text62                             277A     277A       12         0
                text61                             261E     261E       28         0
                text60                             2752     2752       16         0
                text59                             273C     273C       16         0
                text58                             2566     2566       32         0
                text57                             27AE     27AE       10         0
                text56                             1D18     1D18       94         0
                text55                              EE4      EE4      128         0
                text54                             2532     2532       34         0
                text53                             2726     2726       16         0
                text52                             279E     279E       10         0
                text51                             2234     2234       56         0
                text50                              772      772      1B2         0
                text49                             27C4     27C4        4         0
                text48                             100C     100C      10C         0
                text47                             1684     1684       B4         0
                text46                             2034     2034       6E         0
                text45                             24FE     24FE       34         0
                text44                             1A98     1A98       A6         0
                text43                             1B3E     1B3E       A2         0
                text42                             1318     1318       F4         0
                text41                             2768     2768       12         0
                text40                             1EC6     1EC6       88         0
                text39                             25F2     25F2       2C         0
                text38                             270C     270C       1A         0
                text37                             2598     2598       2E         0
                text36                             26B6     26B6       22         0
                text35                             21D4     21D4       60         0
                text34                               9A       9A      3B8         0
                text33                             19F2     19F2       A6         0
                text32                             14FA     14FA       C6         0
                text31                             2174     2174       60         0
                text30                             25C6     25C6       2C         0
                text29                             20A2     20A2       6C         0
                text28                             1C80     1C80       98         0
                text27                             26F2     26F2       1A         0
                text26                             24CA     24CA       34         0
                text25                             1BE0     1BE0       A0         0
                text24                             22D4     22D4       4A         0
                text23                             228A     228A       4A         0
                text22                             266C     266C       26         0
                text21                             26D8     26D8       1A         0
                text20                             27BE     27BE        6         0
                text19                             15C0     15C0       C4         0
                text18                             1738     1738       B0         0
                text17                             23E2     23E2       3E         0
                text16                             23A4     23A4       3E         0
                text15                             2646     2646       26         0
                text14                             210E     210E       66         0
                text13                             140C     140C       EE         0
                text12                             2494     2494       36         0
                text11                             27CC     27CC        2         0
                text10                             1946     1946       AC         0
                text9                              2364     2364       40         0
                text8                              1DAC     1DAC       90         0
                text7                               C48      C48      168         0
                text6                              1898     1898       AE         0
                text5                               ACA      ACA      17E         0
                text4                              231E     231E       46         0
                text3                              2420     2420       3C         0
                text2                               452      452      320         0
                text1                              1E3C     1E3C       8A         0
                text0                               924      924      1A6         0
                cinit                              245C     245C       38         0
                idataBANK0                         27CE     27CE        1         0

        CLASS   CONST          

        CLASS   SMALLCONST     

        CLASS   MEDIUMCONST    
                mediumconst                        7EC2     7EC2      13E         0

        CLASS   COMRAM         
                temp                                 4B       4B        1         1
                cstackCOMRAM                          1        1       28         1
                bssCOMRAM                            29       29       22         1

        CLASS   ABS1           

        CLASS   BIGRAM         

        CLASS   RAM            

        CLASS   BANK0          
                cstackBANK0                          60       60       5D         1
                dataBANK0                            F7       F7        1         1
                bssBANK0                             BD       BD       3A         1

        CLASS   BANK1          

        CLASS   BANK2          

        CLASS   BANK3          

        CLASS   BANK4          

        CLASS   BANK5          

        CLASS   SFR            

        CLASS   BIGSFR         

        CLASS   CONFIG         
                config                           300000   300000        E         4

        CLASS   IDLOC          

        CLASS   EEDATA         

        CLASS   FARRAM         

        CLASS   HEAP           

        CLASS   STACK          



SEGMENTS        Name                           Load    Length   Top    Selector   Space  Class

                reset_vec                      000000  000004  000004         0       0  CODE    
                cstackCOMRAM                   000001  00004B  00004C         1       1  COMRAM  
                intcode                        000008  0027C7  0027CF         4       0  CODE    
                cstackBANK0                    000060  000098  0000F8        60       1  BANK0   
                mediumconst                    007EC2  00013E  008000      3F61       0  MEDIUMCO


UNUSED ADDRESS RANGES

        Name                Unused          Largest block    Delta
        BANK0            0000F8-0000FF                8
        BANK1            000100-0001FF              100
        BANK2            000200-0002FF              100
        BANK3            000300-0003FF              100
        BANK4            000400-0004FF              100
        BANK5            000500-0005FF              100
        BIGRAM           00004C-00005F               14
                         0000F8-0005FF              508
        BIGSFR           000F38-000FFF               C8
        CODE             000004-000007                4
                         0027CF-007EC1             56F3
        COMRAM           00004C-00005F               14
        CONST            000004-000007                4
                         0027CF-007EC1             56F3
        EEDATA           F00000-F000FF              100
        IDLOC            200000-200007                8
        MEDIUMCONST      0027CF-007EC1             56F3
        RAM              0000F8-0005FF              100
        SFR              000F38-000FFF               28
        SMALLCONST       0027CF-007EC1              100

                                  Symbol Table

?_LM35_Read_Temp                         cstackBANK0  00006C
?___aldiv                                cstackBANK0  000060
?___awdiv                                cstackBANK0  000060
?___awmod                                cstackBANK0  000060
?___lldiv                                cstackBANK0  000060
?___llmod                                cstackBANK0  000060
?___lmul                                 cstackBANK0  000060
?___lwdiv                                cstackBANK0  000060
?___lwmod                                cstackBANK0  000067
?_abs                                    cstackBANK0  000066
?_read_prec_or_width                     cstackBANK0  000060
?_sprintf                                cstackBANK0  000091
?_vfprintf                               cstackBANK0  00008B
?i2___aldiv                              cstackCOMRAM 000001
Buzzer_Play@tone_index                   cstackBANK0  00007E
Buzzer_StartMelody@mel                   cstackBANK0  000076
Buzzer_StartTone@duration                cstackBANK0  000070
Buzzer_StartTone@freq                    cstackBANK0  00006E
Buzzer_StartTone@pr2_calc                cstackBANK0  000072
Check_Heating_Logic@end_mins             cstackBANK0  00006B
Check_Heating_Logic@now_mins             cstackBANK0  00006D
Check_Heating_Logic@start_mins           cstackBANK0  000069
EEPROM_Load_Settings@check               cstackBANK0  00006D
EEPROM_Load_Settings@s                   cstackBANK0  00006C
EEPROM_Save_Settings@s                   cstackBANK0  00006B
Get_Button@button                        cstackBANK0  000060
Get_Button@last                          cstackBANK0  000062
Handle_Alarm@alarm_triggered_this_minute bssCOMRAM    000046
Handle_Input@btn                         cstackBANK0  00006E
I2C1_Init_Master@brg                     cstackBANK0  000075
I2C1_Init_Master@i2c_hz                  cstackBANK0  00006D
I2C1_Read_ACK@v                          cstackBANK0  000061
I2C1_Read_NACK@v                         cstackBANK0  000061
I2C1_Write@b                             cstackBANK0  000061
LCD_Char@dat                             cstackBANK0  000062
LCD_Cmd@cmd                              cstackBANK0  000063
LCD_Nibble@nibble                        cstackBANK0  000061
LCD_Set_Cursor@address                   cstackBANK0  000066
LCD_Set_Cursor@col                       cstackBANK0  000064
LCD_Set_Cursor@row                       cstackBANK0  000065
LCD_String@str                           cstackBANK0  000063
LM35_Read_Temp@adc_val                   cstackBANK0  000076
LM35_Read_Temp@temp                      cstackBANK0  000072
RTC_Get_Date@b                           cstackBANK0  00006E
RTC_Get_Date@t                           cstackBANK0  00006D
RTC_Get_Time@b                           cstackBANK0  00006E
RTC_Get_Time@t                           cstackBANK0  00006D
RTC_Set_Time@h                           cstackBANK0  00006D
RTC_Set_Time@m                           cstackBANK0  00006B
RTC_Set_Time@s                           cstackBANK0  00006C
Read_Byte@a7_0                           cstackBANK0  000067
Read_Byte@addr10                         cstackBANK0  000063
Read_Byte@devR                           cstackBANK0  000066
Read_Byte@devW                           cstackBANK0  000065
Read_Byte@v                              cstackBANK0  000068
SevenSeg_Update_Value@number             cstackBANK0  00006C
Update_Display@buffer                    cstackBANK0  0000AC
Write_Byte@a7_0                          cstackBANK0  000069
Write_Byte@addr10                        cstackBANK0  000063
Write_Byte@data                          cstackBANK0  000065
Write_Byte@devW                          cstackBANK0  00006A
Write_Byte@tries                         cstackBANK0  000067
_ADCON0bits                              (abs)        000FC2
_ADCON1bits                              (abs)        000FC1
_ADCON2bits                              (abs)        000FC0
_ADRESH                                  (abs)        000FC4
_ADRESL                                  (abs)        000FC3
_ANSELA                                  (abs)        000F38
_ANSELB                                  (abs)        000F39
_ANSELC                                  (abs)        000F3A
_ANSELD                                  (abs)        000F3B
_ANSELE                                  (abs)        000F3C
_ANSELEbits                              (abs)        000F3C
_Button_Read                             text42       001318
_Buzzer_ISR_FrequencyTick                text72       0027C8
_Buzzer_ISR_MelodyTick                   text68       001222
_Buzzer_Init                             text65       002692
_Buzzer_IsPlaying                        text49       0027C4
_Buzzer_Play                             text45       0024FE
_Buzzer_StartMelody                      text46       002034
_Buzzer_StartTone                        text47       001684
_Buzzer_Stop                             text41       002768
_Check_Heating_Logic                     text63       000DB0
_Controls_Init                           text62       00277A
_EEPROM_Load_Settings                    text50       000772
_EEPROM_Save_Settings                    text55       000EE4
_Get_Button                              text43       001B3E
_Handle_Alarm                            text44       001A98
_Handle_Input                            text34       00009A
_I2C1_Init_Master                        text32       0014FA
_I2C1_Read_ACK                           text26       0024CA
_I2C1_Read_NACK                          text54       002532
_I2C1_Restart                            text53       002726
_I2C1_Start                              text60       002752
_I2C1_Stop                               text59       00273C
_I2C1_WaitIdle                           text61       00261E
_I2C1_Write                              text58       002566
_INT0_DefaultInterruptHandler            (abs)        000000
_INT0_InterruptHandler                   bssCOMRAM    00003F
_INT1_DefaultInterruptHandler            (abs)        000000
_INT1_InterruptHandler                   bssCOMRAM    00003D
_INT2_DefaultInterruptHandler            (abs)        000000
_INT2_InterruptHandler                   bssCOMRAM    00003B
_INTCON2bits                             (abs)        000FF1
_INTCON3bits                             (abs)        000FF0
_INTCONbits                              (abs)        000FF2
_IOCB                                    (abs)        000F62
_ISR                                     intcode      000008
_LATA                                    (abs)        000F89
_LATB                                    (abs)        000F8A
_LATBbits                                (abs)        000F8A
_LATC                                    (abs)        000F8B
_LATCbits                                (abs)        000F8B
_LATD                                    (abs)        000F8C
_LATE                                    (abs)        000F8D
_LATEbits                                (abs)        000F8D
_LCD_Char                                text36       0026B6
_LCD_Clear                               text38       00270C
_LCD_Cmd                                 text39       0025F2
_LCD_Init                                text31       002174
_LCD_Nibble                              text40       001EC6
_LCD_Set_Cursor                          text37       002598
_LCD_String                              text35       0021D4
_LM35_Init                               text30       0025C6
_LM35_Read_Temp                          text28       001C80
_OSCCON                                  (abs)        000FD3
_OSCCON2                                 (abs)        000FD2
_OSCCONbits                              (abs)        000FD3
_OSCTUNE                                 (abs)        000F9B
_PIE1bits                                (abs)        000F9D
_PIR1bits                                (abs)        000F9E
_PORTCbits                               (abs)        000F82
_PR2                                     (abs)        000FBB
_RCONbits                                (abs)        000FD0
_RTC_Get_Date                            text24       0022D4
_RTC_Get_Time                            text23       00228A
_RTC_Init                                text20       0027BE
_RTC_Set_Time                            text16       0023A4
_Read_Byte                               text51       002234
_SEG_MAP                                 mediumconst  007EC3
_SSP1ADD                                 (abs)        000FC8
_SSP1BUF                                 (abs)        000FC9
_SSP1CON1                                (abs)        000FC6
_SSP1CON2                                (abs)        000FC5
_SSP1STAT                                (abs)        000FC7
_SevenSeg_ISR_Handler                    text67       001FC4
_SevenSeg_Init                           text15       002646
_SevenSeg_Update_Value                   text13       00140C
_T0CONbits                               (abs)        000FD5
_T1CON                                   (abs)        000FCD
_T2CON                                   (abs)        000FBA
_T2CONbits                               (abs)        000FBA
_TMR0H                                   (abs)        000FD7
_TMR0L                                   (abs)        000FD6
_TMR1                                    (abs)        000FCE
_TMR1H                                   (abs)        000FCF
_TMR1L                                   (abs)        000FCE
_TMR2                                    (abs)        000FBC
_TRISA                                   (abs)        000F92
_TRISB                                   (abs)        000F93
_TRISC                                   (abs)        000F94
_TRISCbits                               (abs)        000F94
_TRISD                                   (abs)        000F95
_TRISE                                   (abs)        000F96
_TRISEbits                               (abs)        000F96
_Update_Display                          text2        000452
_WPUB                                    (abs)        000F61
_Write_Byte                              text56       001D18
__HRAM                                   (abs)        000000
__H__absolute__                          __absolute__ 000000
__Habs1                                  abs1         000000
__Hbank0                                 bank0        000000
__Hbank1                                 bank1        000000
__Hbank2                                 bank2        000000
__Hbank3                                 bank3        000000
__Hbank4                                 bank4        000000
__Hbank5                                 bank5        000000
__Hbigbss                                bigbss       000000
__Hbigdata                               bigdata      000000
__Hbigram                                bigram       000000
__Hbigsfr                                bigsfr       000000
__Hbss                                   bss          000000
__HbssBANK0                              bssBANK0     000000
__HbssCOMRAM                             bssCOMRAM    000000
__Hcinit                                 cinit        000000
__Hclrtext                               clrtext      000000
__Hcomram                                comram       000000
__Hconfig                                config       30000E
__Hconst                                 const        000000
__HcstackBANK0                           cstackBANK0  000000
__HcstackCOMRAM                          cstackCOMRAM 000000
__Hdata                                  data         000000
__HdataBANK0                             dataBANK0    000000
__Heeprom_data                           eeprom_data  000000
__Hfarbss                                farbss       000000
__Hfardata                               fardata      000000
__Hheap                                  heap         000000
__Hibigdata                              ibigdata     000000
__Hidata                                 idata        000000
__HidataBANK0                            idataBANK0   000000
__Hidloc                                 idloc        000000
__Hifardata                              ifardata     000000
__Hinit                                  init         00009A
__Hintcode                               intcode      000096
__Hintcode_body                          intcode_body 000000
__Hintcodelo                             intcodelo    000018
__Hintentry                              intentry     000000
__Hintret                                intret       000000
__Hintsave_regs                          intsave_regs 000000
__Hirdata                                irdata       000000
__Hmediumconst                           mediumconst  008000
__HnvFARRAM                              nvFARRAM     000000
__Hnvbit                                 nvbit        000000
__Hnvrram                                nvrram       000000
__Hparam                                 rparam       000000
__Hpowerup                               powerup      000000
__Hram                                   ram          000000
__Hramtop                                ramtop       000600
__Hrbit                                  rbit         000000
__Hrbss                                  rbss         000000
__Hrdata                                 rdata        000000
__Hreset_vec                             reset_vec    000004
__Hrparam                                rparam       000000
__Hsfr                                   sfr          000000
__Hsivt_hi                               sivt_hi      000000
__Hsivt_lo                               sivt_lo      000018
__Hsmallconst                            smallconst   000000
__Hspace_0                               (abs)        008000
__Hspace_1                               (abs)        0000F8
__Hspace_2                               (abs)        000000
__Hspace_4                               (abs)        60000E
__Hstack                                 stack        000000
__Hstruct                                struct       000000
__Htemp                                  temp         00004C
__Htext                                  text         000000
__Htext0                                 text0        000000
__Htext1                                 text1        000000
__Htext10                                text10       000000
__Htext11                                text11       000000
__Htext12                                text12       000000
__Htext13                                text13       000000
__Htext14                                text14       000000
__Htext15                                text15       000000
__Htext16                                text16       000000
__Htext17                                text17       000000
__Htext18                                text18       000000
__Htext19                                text19       000000
__Htext2                                 text2        000000
__Htext20                                text20       000000
__Htext21                                text21       000000
__Htext22                                text22       000000
__Htext23                                text23       000000
__Htext24                                text24       000000
__Htext25                                text25       000000
__Htext26                                text26       000000
__Htext27                                text27       000000
__Htext28                                text28       000000
__Htext29                                text29       000000
__Htext3                                 text3        000000
__Htext30                                text30       000000
__Htext31                                text31       000000
__Htext32                                text32       000000
__Htext33                                text33       000000
__Htext34                                text34       000000
__Htext35                                text35       000000
__Htext36                                text36       000000
__Htext37                                text37       000000
__Htext38                                text38       000000
__Htext39                                text39       000000
__Htext4                                 text4        000000
__Htext40                                text40       000000
__Htext41                                text41       000000
__Htext42                                text42       000000
__Htext43                                text43       000000
__Htext44                                text44       000000
__Htext45                                text45       000000
__Htext46                                text46       000000
__Htext47                                text47       000000
__Htext48                                text48       000000
__Htext49                                text49       000000
__Htext5                                 text5        000000
__Htext50                                text50       000000
__Htext51                                text51       000000
__Htext52                                text52       000000
__Htext53                                text53       000000
__Htext54                                text54       000000
__Htext55                                text55       000000
__Htext56                                text56       000000
__Htext57                                text57       000000
__Htext58                                text58       000000
__Htext59                                text59       000000
__Htext6                                 text6        000000
__Htext60                                text60       000000
__Htext61                                text61       000000
__Htext62                                text62       000000
__Htext63                                text63       000000
__Htext64                                text64       000000
__Htext65                                text65       000000
__Htext67                                text67       000000
__Htext68                                text68       000000
__Htext69                                text69       000000
__Htext7                                 text7        000000
__Htext70                                text70       000000
__Htext71                                text71       000000
__Htext72                                text72       000000
__Htext8                                 text8        000000
__Htext9                                 text9        000000
__LRAM                                   (abs)        000001
__L__absolute__                          __absolute__ 000000
__Labs1                                  abs1         000000
__Lbank0                                 bank0        000000
__Lbank1                                 bank1        000000
__Lbank2                                 bank2        000000
__Lbank3                                 bank3        000000
__Lbank4                                 bank4        000000
__Lbank5                                 bank5        000000
__Lbigbss                                bigbss       000000
__Lbigdata                               bigdata      000000
__Lbigram                                bigram       000000
__Lbigsfr                                bigsfr       000000
__Lbss                                   bss          000000
__LbssBANK0                              bssBANK0     000000
__LbssCOMRAM                             bssCOMRAM    000000
__Lcinit                                 cinit        000000
__Lclrtext                               clrtext      000000
__Lcomram                                comram       000000
__Lconfig                                config       000000
__Lconst                                 const        000000
__LcstackBANK0                           cstackBANK0  000000
__LcstackCOMRAM                          cstackCOMRAM 000000
__Ldata                                  data         000000
__LdataBANK0                             dataBANK0    000000
__Leeprom_data                           eeprom_data  000000
__Lfarbss                                farbss       000000
__Lfardata                               fardata      000000
__Lheap                                  heap         000000
__Libigdata                              ibigdata     000000
__Lidata                                 idata        000000
__LidataBANK0                            idataBANK0   000000
__Lidloc                                 idloc        000000
__Lifardata                              ifardata     000000
__Linit                                  init         000096
__Lintcode                               intcode      000008
__Lintcode_body                          intcode_body 000000
__Lintcodelo                             intcodelo    000018
__Lintentry                              intentry     000000
__Lintret                                intret       000000
__Lintsave_regs                          intsave_regs 000000
__Lirdata                                irdata       000000
__Lmediumconst                           mediumconst  007EC2
__LnvFARRAM                              nvFARRAM     000000
__Lnvbit                                 nvbit        000000
__Lnvrram                                nvrram       000000
__Lparam                                 rparam       000000
__Lpowerup                               powerup      000000
__Lram                                   ram          000000
__Lramtop                                ramtop       000600
__Lrbit                                  rbit         000000
__Lrbss                                  rbss         000000
__Lrdata                                 rdata        000000
__Lreset_vec                             reset_vec    000000
__Lrparam                                rparam       000000
__Lsfr                                   sfr          000000
__Lsivt_hi                               sivt_hi      000000
__Lsivt_lo                               sivt_lo      000018
__Lsmallconst                            smallconst   000000
__Lspace_0                               (abs)        000000
__Lspace_1                               (abs)        000000
__Lspace_2                               (abs)        000000
__Lspace_4                               (abs)        000000
__Lstack                                 stack        000000
__Lstruct                                struct       000000
__Ltemp                                  temp         00004B
__Ltext                                  text         000000
__Ltext0                                 text0        000000
__Ltext1                                 text1        000000
__Ltext10                                text10       000000
__Ltext11                                text11       000000
__Ltext12                                text12       000000
__Ltext13                                text13       000000
__Ltext14                                text14       000000
__Ltext15                                text15       000000
__Ltext16                                text16       000000
__Ltext17                                text17       000000
__Ltext18                                text18       000000
__Ltext19                                text19       000000
__Ltext2                                 text2        000000
__Ltext20                                text20       000000
__Ltext21                                text21       000000
__Ltext22                                text22       000000
__Ltext23                                text23       000000
__Ltext24                                text24       000000
__Ltext25                                text25       000000
__Ltext26                                text26       000000
__Ltext27                                text27       000000
__Ltext28                                text28       000000
__Ltext29                                text29       000000
__Ltext3                                 text3        000000
__Ltext30                                text30       000000
__Ltext31                                text31       000000
__Ltext32                                text32       000000
__Ltext33                                text33       000000
__Ltext34                                text34       000000
__Ltext35                                text35       000000
__Ltext36                                text36       000000
__Ltext37                                text37       000000
__Ltext38                                text38       000000
__Ltext39                                text39       000000
__Ltext4                                 text4        000000
__Ltext40                                text40       000000
__Ltext41                                text41       000000
__Ltext42                                text42       000000
__Ltext43                                text43       000000
__Ltext44                                text44       000000
__Ltext45                                text45       000000
__Ltext46                                text46       000000
__Ltext47                                text47       000000
__Ltext48                                text48       000000
__Ltext49                                text49       000000
__Ltext5                                 text5        000000
__Ltext50                                text50       000000
__Ltext51                                text51       000000
__Ltext52                                text52       000000
__Ltext53                                text53       000000
__Ltext54                                text54       000000
__Ltext55                                text55       000000
__Ltext56                                text56       000000
__Ltext57                                text57       000000
__Ltext58                                text58       000000
__Ltext59                                text59       000000
__Ltext6                                 text6        000000
__Ltext60                                text60       000000
__Ltext61                                text61       000000
__Ltext62                                text62       000000
__Ltext63                                text63       000000
__Ltext64                                text64       000000
__Ltext65                                text65       000000
__Ltext67                                text67       000000
__Ltext68                                text68       000000
__Ltext69                                text69       000000
__Ltext7                                 text7        000000
__Ltext70                                text70       000000
__Ltext71                                text71       000000
__Ltext72                                text72       000000
__Ltext8                                 text8        000000
__Ltext9                                 text9        000000
__S0                                     (abs)        008000
__S1                                     (abs)        0000F8
__S4                                     (abs)        000000
__S5                                     (abs)        000000
___aldiv                                 text48       00100C
___aldiv@counter                         cstackBANK0  000068
___aldiv@dividend                        cstackBANK0  000060
___aldiv@divisor                         cstackBANK0  000064
___aldiv@quotient                        cstackBANK0  00006A
___aldiv@sign                            cstackBANK0  000069
___awdiv                                 text19       0015C0
___awdiv@counter                         cstackBANK0  000064
___awdiv@dividend                        cstackBANK0  000060
___awdiv@divisor                         cstackBANK0  000062
___awdiv@quotient                        cstackBANK0  000066
___awdiv@sign                            cstackBANK0  000065
___awmod                                 text18       001738
___awmod@counter                         cstackBANK0  000064
___awmod@dividend                        cstackBANK0  000060
___awmod@divisor                         cstackBANK0  000062
___awmod@sign                            cstackBANK0  000065
___heap_hi                               (abs)        000000
___heap_lo                               (abs)        000000
___inthi_sp                              stack        000000
___inthi_stack_hi                        stack        000000
___inthi_stack_lo                        stack        000000
___intlo_sp                              stack        000000
___intlo_stack_hi                        stack        000000
___intlo_stack_lo                        stack        000000
___lldiv                                 text33       0019F2
___lldiv@counter                         cstackBANK0  00006C
___lldiv@dividend                        cstackBANK0  000060
___lldiv@divisor                         cstackBANK0  000064
___lldiv@quotient                        cstackBANK0  000068
___llmod                                 text1        001E3C
___llmod@counter                         cstackBANK0  000068
___llmod@dividend                        cstackBANK0  000060
___llmod@divisor                         cstackBANK0  000064
___lmul                                  text29       0020A2
___lmul@multiplicand                     cstackBANK0  000064
___lmul@multiplier                       cstackBANK0  000060
___lmul@product                          cstackBANK0  000068
___lwdiv                                 text64       001F4E
___lwdiv@counter                         cstackBANK0  000064
___lwdiv@dividend                        cstackBANK0  000060
___lwdiv@divisor                         cstackBANK0  000062
___lwdiv@quotient                        cstackBANK0  000065
___lwmod                                 text14       00210E
___lwmod@counter                         cstackBANK0  00006B
___lwmod@dividend                        cstackBANK0  000067
___lwmod@divisor                         cstackBANK0  000069
___param_bank                            (abs)        000000
___rparam_used                           (abs)        000001
___sp                                    stack        000000
___stack_hi                              stack        000000
___stack_lo                              stack        000000
__accesstop                              (abs)        000060
__activetblptr                           (abs)        000002
__end_of_Button_Read                     text42       00140C
__end_of_Buzzer_ISR_FrequencyTick        text72       0027CC
__end_of_Buzzer_ISR_MelodyTick           text68       001318
__end_of_Buzzer_Init                     text65       0026B6
__end_of_Buzzer_IsPlaying                text49       0027C8
__end_of_Buzzer_Play                     text45       002532
__end_of_Buzzer_StartMelody              text46       0020A2
__end_of_Buzzer_StartTone                text47       001738
__end_of_Buzzer_Stop                     text41       00277A
__end_of_Check_Heating_Logic             text63       000EE4
__end_of_Controls_Init                   text62       00278C
__end_of_EEPROM_Load_Settings            text50       000924
__end_of_EEPROM_Save_Settings            text55       00100C
__end_of_Get_Button                      text43       001BE0
__end_of_Handle_Alarm                    text44       001B3E
__end_of_Handle_Input                    text34       000452
__end_of_I2C1_Init_Master                text32       0015C0
__end_of_I2C1_Read_ACK                   text26       0024FE
__end_of_I2C1_Read_NACK                  text54       002566
__end_of_I2C1_Restart                    text53       00273C
__end_of_I2C1_Start                      text60       002768
__end_of_I2C1_Stop                       text59       002752
__end_of_I2C1_WaitIdle                   text61       002646
__end_of_I2C1_Write                      text58       002598
__end_of_ISR                             intcode      000096
__end_of_LCD_Char                        text36       0026D8
__end_of_LCD_Clear                       text38       002726
__end_of_LCD_Cmd                         text39       00261E
__end_of_LCD_Init                        text31       0021D4
__end_of_LCD_Nibble                      text40       001F4E
__end_of_LCD_Set_Cursor                  text37       0025C6
__end_of_LCD_String                      text35       002234
__end_of_LM35_Init                       text30       0025F2
__end_of_LM35_Read_Temp                  text28       001D18
__end_of_RTC_Get_Date                    text24       00231E
__end_of_RTC_Get_Time                    text23       0022D4
__end_of_RTC_Init                        text20       0027C4
__end_of_RTC_Set_Time                    text16       0023E2
__end_of_Read_Byte                       text51       00228A
__end_of_SEG_MAP                         mediumconst  007ECD
__end_of_SevenSeg_ISR_Handler            text67       002034
__end_of_SevenSeg_Init                   text15       00266C
__end_of_SevenSeg_Update_Value           text13       0014FA
__end_of_Update_Display                  text2        000772
__end_of_Write_Byte                      text56       001DAC
__end_of___aldiv                         text48       001118
__end_of___awdiv                         text19       001684
__end_of___awmod                         text18       0017E8
__end_of___lldiv                         text33       001A98
__end_of___llmod                         text1        001EC6
__end_of___lmul                          text29       00210E
__end_of___lwdiv                         text64       001FC4
__end_of___lwmod                         text14       002174
__end_of__initialization                 cinit        002486
__end_of_abs                             text12       0024CA
__end_of_alarm_durs                      mediumconst  007ED9
__end_of_alarm_notes                     mediumconst  007EE5
__end_of_bcd_to_dec                      text27       00270C
__end_of_beep_durs                       mediumconst  007EF1
__end_of_beep_notes                      mediumconst  007EF3
__end_of_dec_to_bcd                      text17       002420
__end_of_dtoa                            text7        000DB0
__end_of_fputc                           text10       0019F2
__end_of_fputs                           text9        0023A4
__end_of_m24c08_devsel_read              text52       0027AE
__end_of_m24c08_devsel_write             text57       0027BE
__end_of_main                            text0        000ACA
__end_of_melody_alarm                    mediumconst  007EEF
__end_of_melody_beep                     mediumconst  007EEA
__end_of_pad                             text8        001E3C
__end_of_putch                           text11       0027CE
__end_of_read_prec_or_width              text6        001946
__end_of_rtc16_default_cfg               text21       0026F2
__end_of_rtc16_read_regs                 text25       001C80
__end_of_rtc16_write_reg                 text22       002692
__end_of_sprintf                         text3        00245C
__end_of_vfpfcnvrt                       text5        000C48
__end_of_vfprintf                        text4        002364
__end_ofi2_Buzzer_StartTone              text70       001898
__end_ofi2_Buzzer_Stop                   text69       00279E
__end_ofi2___aldiv                       text71       001222
__initialization                         cinit        00245C
__mediumconst                            mediumconst  007EC2
__pbssBANK0                              bssBANK0     0000BD
__pbssCOMRAM                             bssCOMRAM    000029
__pcinit                                 cinit        00245C
__pcstackBANK0                           cstackBANK0  000060
__pcstackCOMRAM                          cstackCOMRAM 000001
__pdataBANK0                             dataBANK0    0000F7
__pidataBANK0                            idataBANK0   0027CE
__pintcode                               intcode      000008
__pmediumconst                           mediumconst  007EC2
__ptext0                                 text0        000924
__ptext1                                 text1        001E3C
__ptext10                                text10       001946
__ptext11                                text11       0027CC
__ptext12                                text12       002494
__ptext13                                text13       00140C
__ptext14                                text14       00210E
__ptext15                                text15       002646
__ptext16                                text16       0023A4
__ptext17                                text17       0023E2
__ptext18                                text18       001738
__ptext19                                text19       0015C0
__ptext2                                 text2        000452
__ptext20                                text20       0027BE
__ptext21                                text21       0026D8
__ptext22                                text22       00266C
__ptext23                                text23       00228A
__ptext24                                text24       0022D4
__ptext25                                text25       001BE0
__ptext26                                text26       0024CA
__ptext27                                text27       0026F2
__ptext28                                text28       001C80
__ptext29                                text29       0020A2
__ptext3                                 text3        002420
__ptext30                                text30       0025C6
__ptext31                                text31       002174
__ptext32                                text32       0014FA
__ptext33                                text33       0019F2
__ptext34                                text34       00009A
__ptext35                                text35       0021D4
__ptext36                                text36       0026B6
__ptext37                                text37       002598
__ptext38                                text38       00270C
__ptext39                                text39       0025F2
__ptext4                                 text4        00231E
__ptext40                                text40       001EC6
__ptext41                                text41       002768
__ptext42                                text42       001318
__ptext43                                text43       001B3E
__ptext44                                text44       001A98
__ptext45                                text45       0024FE
__ptext46                                text46       002034
__ptext47                                text47       001684
__ptext48                                text48       00100C
__ptext49                                text49       0027C4
__ptext5                                 text5        000ACA
__ptext50                                text50       000772
__ptext51                                text51       002234
__ptext52                                text52       00279E
__ptext53                                text53       002726
__ptext54                                text54       002532
__ptext55                                text55       000EE4
__ptext56                                text56       001D18
__ptext57                                text57       0027AE
__ptext58                                text58       002566
__ptext59                                text59       00273C
__ptext6                                 text6        001898
__ptext60                                text60       002752
__ptext61                                text61       00261E
__ptext62                                text62       00277A
__ptext63                                text63       000DB0
__ptext64                                text64       001F4E
__ptext65                                text65       002692
__ptext67                                text67       001FC4
__ptext68                                text68       001222
__ptext69                                text69       00278C
__ptext7                                 text7        000C48
__ptext70                                text70       0017E8
__ptext71                                text71       001118
__ptext72                                text72       0027C8
__ptext8                                 text8        001DAC
__ptext9                                 text9        002364
__ramtop                                 ramtop       000600
__smallconst                             mediumconst  007EC2
_abs                                     text12       002494
_alarm_active                            bssBANK0     0000C5
_alarm_durs                              mediumconst  007ECD
_alarm_notes                             mediumconst  007ED9
_bcd_to_dec                              text27       0026F2
_beep_durs                               mediumconst  007EEF
_beep_notes                              mediumconst  007EF1
_buzzerActive                            bssCOMRAM    000041
_currentMelody                           bssCOMRAM    000035
_current_date                            bssBANK0     0000F1
_current_digit                           bssCOMRAM    000044
_current_state                           bssBANK0     0000C4
_current_temp_c                          bssBANK0     0000C1
_current_temp_raw                        bssCOMRAM    000039
_current_time                            bssBANK0     0000F4
_dbuf                                    bssBANK0     0000C7
_dec_to_bcd                              text17       0023E2
_digits                                  bssCOMRAM    000029
_dtoa                                    text7        000C48
_dtoa$2142                               cstackBANK0  000077
_flags                                   bssBANK0     0000C3
_fputc                                   text10       001946
_fputs                                   text9        002364
_heater_state                            bssBANK0     0000C6
_last_btn_back                           bssCOMRAM    000047
_last_btn_down                           bssCOMRAM    000049
_last_btn_enter                          bssCOMRAM    000048
_last_btn_up                             bssCOMRAM    00004A
_last_check                              bssCOMRAM    00002D
_last_drawn_state                        dataBANK0    0000F7
_m24c08_devsel_read                      text52       00279E
_m24c08_devsel_write                     text57       0027AE
_main                                    text0        000924
_melody_alarm                            mediumconst  007EEA
_melody_beep                             mediumconst  007EE5
_melody_timer_flag                       bssCOMRAM    000043
_noteIndex                               bssCOMRAM    000042
_pad                                     text8        001DAC
_prec                                    bssBANK0     0000BF
_putch                                   text11       0027CC
_read_prec_or_width                      text6        001898
_rtc16_default_cfg                       text21       0026D8
_rtc16_read_regs                         text25       001BE0
_rtc16_read_regs$1097                    cstackBANK0  00006A
_rtc16_write_reg                         text22       00266C
_settings                                bssBANK0     0000E7
_sprintf                                 text3        002420
_system_ticks                            bssCOMRAM    000031
_tone_timer                              bssCOMRAM    000037
_vfpfcnvrt                               text5        000ACA
_vfprintf                                text4        00231E
_width                                   bssBANK0     0000BD
abs@a                                    cstackBANK0  000066
bcd_to_dec@b                             cstackBANK0  000061
btemp                                    temp         00004B
dec_to_bcd@d                             cstackBANK0  00006A
dtoa@d                                   cstackBANK0  000075
dtoa@fp                                  cstackBANK0  000074
dtoa@i                                   cstackBANK0  00007D
dtoa@p                                   cstackBANK0  000079
dtoa@s                                   cstackBANK0  00007C
dtoa@w                                   cstackBANK0  00007A
end_of_initialization                    cinit        002486
fputc@c                                  cstackBANK0  000060
fputc@fp                                 cstackBANK0  000062
fputs@c                                  cstackBANK0  00006A
fputs@fp                                 cstackBANK0  000069
fputs@i                                  cstackBANK0  00006B
fputs@s                                  cstackBANK0  000068
i2Buzzer_StartTone@duration              cstackCOMRAM 000011
i2Buzzer_StartTone@freq                  cstackCOMRAM 00000F
i2Buzzer_StartTone@pr2_calc              cstackCOMRAM 000013
i2_Buzzer_StartTone                      text70       0017E8
i2_Buzzer_Stop                           text69       00278C
i2___aldiv                               text71       001118
i2___aldiv@counter                       cstackCOMRAM 000009
i2___aldiv@dividend                      cstackCOMRAM 000001
i2___aldiv@divisor                       cstackCOMRAM 000005
i2___aldiv@quotient                      cstackCOMRAM 00000B
i2___aldiv@sign                          cstackCOMRAM 00000A
int$flags                                temp         00004B
intlevel0                                text         000000
intlevel1                                text         000000
intlevel2                                text         000000
intlevel3                                text         000000
isa$std                                  (abs)        000001
isa$xinst                                (abs)        000000
m24c08_devsel_read@a9a8                  cstackBANK0  000062
m24c08_devsel_read@addr10                cstackBANK0  000060
m24c08_devsel_write@a9a8                 cstackBANK0  000062
m24c08_devsel_write@addr10               cstackBANK0  000060
pad@buf                                  cstackBANK0  00006E
pad@fp                                   cstackBANK0  00006D
pad@i                                    cstackBANK0  000072
pad@p                                    cstackBANK0  00006F
read_prec_or_width@ap                    cstackBANK0  000061
read_prec_or_width@c                     cstackBANK0  000064
read_prec_or_width@fmt                   cstackBANK0  000060
read_prec_or_width@n                     cstackBANK0  000065
rtc16_read_regs@buf                      cstackBANK0  000062
rtc16_read_regs@i                        cstackBANK0  00006C
rtc16_read_regs@len                      cstackBANK0  000063
rtc16_read_regs@reg                      cstackBANK0  000069
rtc16_write_reg@reg                      cstackBANK0  000063
rtc16_write_reg@val                      cstackBANK0  000062
sprintf@ap                               cstackBANK0  00009E
sprintf@f                                cstackBANK0  00009F
sprintf@fmt                              cstackBANK0  000092
sprintf@s                                cstackBANK0  000091
stackhi                                  (abs)        000000
stacklo                                  (abs)        000000
start                                    init         000096
start_initialization                     cinit        00245C
ttemp5                                   temp         00004C
ttemp6                                   temp         00004F
ttemp7                                   temp         000053
vfpfcnvrt@ap                             cstackBANK0  000081
vfpfcnvrt@convarg                        cstackBANK0  000084
vfpfcnvrt@cp                             cstackBANK0  000089
vfpfcnvrt@done                           cstackBANK0  000088
vfpfcnvrt@fmt                            cstackBANK0  000080
vfpfcnvrt@fp                             cstackBANK0  00007F
vfprintf@ap                              cstackBANK0  00008E
vfprintf@cfmt                            cstackBANK0  00008F
vfprintf@fmt                             cstackBANK0  00008C
vfprintf@fp                              cstackBANK0  00008B
wtemp8                                   temp         00004C


MODULE INFORMATION

Module		Function		Class		Link	Load	Size
C:\Program Files\Microchip\xc8\v3.00\pic\sources\c99\common\abs.c
		_abs           		CODE           	2494	0000	54

C:\Program Files\Microchip\xc8\v3.00\pic\sources\c99\common\abs.c estimated size: 54

C:\Program Files\Microchip\xc8\v3.00\pic\sources\c99\common\nf_fputc.c
		_fputc         		CODE           	1946	0000	172

C:\Program Files\Microchip\xc8\v3.00\pic\sources\c99\common\nf_fputc.c estimated size: 172

buzzer.c
		_Buzzer_Init   		CODE           	2692	0000	36
		_Buzzer_Play   		CODE           	24FE	0000	52
		_Buzzer_Stop   		CODE           	2768	0000	18
		_Buzzer_StartTone		CODE           	1684	0000	180
		_Buzzer_IsPlaying		CODE           	27C4	0000	4
		_Buzzer_ISR_MelodyTick		CODE           	1222	0000	246
		_Buzzer_StartMelody		CODE           	2034	0000	110
		_Buzzer_ISR_FrequencyTick		CODE           	27C8	0000	4

buzzer.c estimated size: 650

sevenseg.c
		_SevenSeg_Update_Value		CODE           	140C	0000	238
		_SevenSeg_ISR_Handler		CODE           	1FC4	0000	112
		_SevenSeg_Init 		CODE           	2646	0000	38

sevenseg.c estimated size: 388

C:\Program Files\Microchip\xc8\v3.00\pic\sources\c99\common\nf_sprintf.c
		_sprintf       		CODE           	2420	0000	60

C:\Program Files\Microchip\xc8\v3.00\pic\sources\c99\common\nf_sprintf.c estimated size: 60

i2c.c
		_I2C1_Restart  		CODE           	2726	0000	22
		_I2C1_Read_ACK 		CODE           	24CA	0000	52
		_I2C1_WaitIdle 		CODE           	261E	0000	40
		_I2C1_Read_NACK		CODE           	2532	0000	52
		_I2C1_Init_Master		CODE           	14FA	0000	198
		_I2C1_Stop     		CODE           	273C	0000	22
		_I2C1_Write    		CODE           	2566	0000	50
		_I2C1_Start    		CODE           	2752	0000	22

i2c.c estimated size: 458

buttons.c
		_Controls_Init 		CODE           	277A	0000	18
		_Button_Read   		CODE           	1318	0000	244
		_Get_Button    		CODE           	1B3E	0000	162

buttons.c estimated size: 424

eeprom.c
		_m24c08_devsel_write		CODE           	27AE	0000	16
		_Read_Byte     		CODE           	2234	0000	86
		_EEPROM_Load_Settings		CODE           	0772	0000	434
		_EEPROM_Save_Settings		CODE           	0EE4	0000	296
		_m24c08_devsel_read		CODE           	279E	0000	16
		_Write_Byte    		CODE           	1D18	0000	148

eeprom.c estimated size: 996

C:\Program Files\Microchip\xc8\v3.00\pic\sources\c99\common\lwmod.c
		___lwmod       		CODE           	210E	0000	102

C:\Program Files\Microchip\xc8\v3.00\pic\sources\c99\common\lwmod.c estimated size: 102

C:\Program Files\Microchip\xc8\v3.00\pic\sources\c99\common\awmod.c
		___awmod       		CODE           	1738	0000	176

C:\Program Files\Microchip\xc8\v3.00\pic\sources\c99\common\awmod.c estimated size: 176

C:\Program Files\Microchip\xc8\v3.00\pic\sources\c99\common\putch.c
		_putch         		CODE           	27CC	0000	2

C:\Program Files\Microchip\xc8\v3.00\pic\sources\c99\common\putch.c estimated size: 2

C:\Program Files\Microchip\xc8\v3.00\pic\sources\c99\common\llmod.c
		___llmod       		CODE           	1E3C	0000	138

C:\Program Files\Microchip\xc8\v3.00\pic\sources\c99\common\llmod.c estimated size: 138

C:\Program Files\Microchip\xc8\v3.00\pic\sources\c99\common\Umul32.c
		___lmul        		CODE           	20A2	0000	108

C:\Program Files\Microchip\xc8\v3.00\pic\sources\c99\common\Umul32.c estimated size: 108

C:\Program Files\Microchip\xc8\v3.00\pic\sources\c99\common\__lldiv.c
		___lldiv       		CODE           	19F2	0000	166

C:\Program Files\Microchip\xc8\v3.00\pic\sources\c99\common\__lldiv.c estimated size: 166

shared
		i2_Buzzer_Stop 		CODE           	278C	0000	18
		_SEG_MAP       		MEDIUMCONST    	7EC3	0000	10
		__initialization		CODE           	245C	0000	42
		_beep_durs     		MEDIUMCONST    	7EEF	0000	2
		i2_Buzzer_StartTone		CODE           	17E8	0000	176
		_alarm_notes   		MEDIUMCONST    	7ED9	0000	12
		i2___aldiv     		CODE           	1118	0000	266
		_alarm_durs    		MEDIUMCONST    	7ECD	0000	12
		_melody_beep   		MEDIUMCONST    	7EE5	0000	5
		_beep_notes    		MEDIUMCONST    	7EF1	0000	2
		_melody_alarm  		MEDIUMCONST    	7EEA	0000	5

shared estimated size: 550

C:\Program Files\Microchip\xc8\v3.00\pic\sources\c99\common\nf_fputs.c
		_fputs         		CODE           	2364	0000	64

C:\Program Files\Microchip\xc8\v3.00\pic\sources\c99\common\nf_fputs.c estimated size: 64

rtc.c
		_rtc16_default_cfg		CODE           	26D8	0000	26
		_bcd_to_dec    		CODE           	26F2	0000	26
		_rtc16_read_regs		CODE           	1BE0	0000	160
		_dec_to_bcd    		CODE           	23E2	0000	62
		_RTC_Init      		CODE           	27BE	0000	6
		_RTC_Get_Date  		CODE           	22D4	0000	74
		_RTC_Get_Time  		CODE           	228A	0000	74
		_rtc16_write_reg		CODE           	266C	0000	38
		_RTC_Set_Time  		CODE           	23A4	0000	62

rtc.c estimated size: 528

lcd.c
		_LCD_String    		CODE           	21D4	0000	96
		_LCD_Init      		CODE           	2174	0000	96
		_LCD_Cmd       		CODE           	25F2	0000	44
		_LCD_Nibble    		CODE           	1EC6	0000	136
		_LCD_Char      		CODE           	26B6	0000	34
		_LCD_Set_Cursor		CODE           	2598	0000	46
		_LCD_Clear     		CODE           	270C	0000	26

lcd.c estimated size: 478

lm35.c
		_LM35_Init     		CODE           	25C6	0000	44
		_LM35_Read_Temp		CODE           	1C80	0000	152

lm35.c estimated size: 196

C:\Program Files\Microchip\xc8\v3.00\pic\sources\c99\common\lwdiv.c
		___lwdiv       		CODE           	1F4E	0000	118

C:\Program Files\Microchip\xc8\v3.00\pic\sources\c99\common\lwdiv.c estimated size: 118

C:\Program Files\Microchip\xc8\v3.00\pic\sources\c99\common\awdiv.c
		___awdiv       		CODE           	15C0	0000	196

C:\Program Files\Microchip\xc8\v3.00\pic\sources\c99\common\awdiv.c estimated size: 196

main.c
		_Handle_Alarm  		CODE           	1A98	0000	166
		_Handle_Input  		CODE           	009A	0000	952
		_ISR           		CODE           	0008	0000	142
		_Check_Heating_Logic		CODE           	0DB0	0000	308
		_main          		CODE           	0924	0000	422
		_Update_Display		CODE           	0452	0000	800

main.c estimated size: 2790

C:\Program Files\Microchip\xc8\v3.00\pic\sources\c99\common\aldiv.c
		___aldiv       		CODE           	100C	0000	268

C:\Program Files\Microchip\xc8\v3.00\pic\sources\c99\common\aldiv.c estimated size: 268

C:\Program Files\Microchip\xc8\v3.00\pic\sources\c99\common\doprnt.c
		_read_prec_or_width		CODE           	1898	0000	174
		_vfpfcnvrt     		CODE           	0ACA	0000	382
		_pad           		CODE           	1DAC	0000	144
		_dtoa          		CODE           	0C48	0000	360
		_vfprintf      		CODE           	231E	0000	70

C:\Program Files\Microchip\xc8\v3.00\pic\sources\c99\common\doprnt.c estimated size: 1130

