Microchip MPLAB XC8 Compiler V3.00

Linker command line:

-W-3 \
  --edf=C:/Program Files/Microchip/MPLABX/v6.25/packs/Microchip/PIC18F-K_DFP/1.14.301/xc8\pic\dat\20241213203129_en.msgs \
  -cn -h+dist/default/debug\Assignment.X.debug.sym \
  --cmf=dist/default/debug\Assignment.X.debug.cmf -z -Q18F45K22 \
  -oC:\Users\771028\AppData\Local\Temp\xcAssdg.\driver_tmp_3.o \
  --defsym=__MPLAB_BUILD=1 --fixupoverflow=error \
  -Mdist/default/debug/Assignment.X.debug.map \
  --md=C:\Users\771028\AppData\Local\Temp\xcAssdg.\driver_tmp_0.dat -E1 \
  -ver=XC8 Compiler -ACODE=00h-07FFFh -ACONST=00h-07FFFh \
  -ASMALLCONST=0600h-06FFhx122 -AMEDIUMCONST=0600h-07FFFh -ACOMRAM=01h-05Fh \
  -AABS1=00h-05FFh -ABIGRAM=01h-05FFh -ARAM=060h-0FFh,0100h-01FFhx5 \
  -ABANK0=060h-0FFh -ABANK1=0100h-01FFh -ABANK2=0200h-02FFh \
  -ABANK3=0300h-03FFh -ABANK4=0400h-04FFh -ABANK5=0500h-05FFh \
  -ASFR=0F38h-0F5Fh,0F60h-0FFFh -ABIGSFR=0F38h-0FFFh \
  -ACONFIG=0300000h-030000Dh -AIDLOC=0200000h-0200007h \
  -AEEDATA=0F00000h-0F000FFh -peeprom_data=EEDATA \
  -preset_vec=00h,intcode=8h,intcodelo=18h,sivt_lo,sivt_hi=CODE \
  -ppowerup=CODE,init -pramtop=0600h -psmallconst=SMALLCONST \
  -pmediumconst=MEDIUMCONST -pconst=CONST -AFARRAM=00h-00h \
  -prdata=COMRAM,nvrram=COMRAM,nvbit=COMRAM,rbss=COMRAM,rbit=COMRAM \
  -pfarbss=FARRAM,fardata=FARRAM,nvFARRAM=FARRAM \
  -pintsave_regs=BIGRAM,bigbss=BIGRAM,bigdata=BIGRAM -pbss=RAM \
  -pidata=CODE,irdata=CODE,ibigdata=CODE,ifardata=CODE -prparam=COMRAM \
  C:\Users\771028\AppData\Local\Temp\xcAssdg.\driver_tmp_14.o \
  dist/default/debug\Assignment.X.debug.o 

Object code version is 3.11

Machine type is 18F45K22



                Name                               Link     Load   Length Selector   Space Scale
C:\Users\771028\AppData\Local\Temp\xcAssdg.\driver_tmp_14.o
                config                           300000   300000        6        0       4
                init                                 3C       3C        4        4       0
                reset_vec                             0        0        4        0       0
dist/default/debug\Assignment.X.debug.o
                intcode                               8        8       34        4       0
                config                           300000   300000        6        0       4
                temp                                 5D       5D        1        1       1
                mediumconst                        7EE6     7EE6      11A     3F73       0
                text54                             1BD0     1BD0       70        4       0
                text52                             20A2     20A2       22        4       0
                text51                             10F4     10F4      11E        4       0
                text50                             215E     215E       12        4       0
                text49                             1FAC     1FAC       30        4       0
                text48                             13E6     13E6       D0        4       0
                text47                             2170     2170       10        4       0
                text46                              BF4      BF4      15A        4       0
                text45                             1824     1824       A4        4       0
                text44                             177C     177C       A8        4       0
                text43                              D4E      D4E      146        4       0
                text42                             20C4     20C4       20        4       0
                text41                             1212     1212       F4        4       0
                text40                              E94      E94      13E        4       0
                text39                             2148     2148       16        4       0
                text38                             1B5C     1B5C       74        4       0
                text37                             207E     207E       24        4       0
                text36                             211A     211A       18        4       0
                text35                             2008     2008       2A        4       0
                text34                             20E4     20E4       1C        4       0
                text33                             1DD2     1DD2       5E        4       0
                text32                               40       40      364        4       0
                text31                             1E30     1E30       58        4       0
                text30                             1FDC     1FDC       2C        4       0
                text29                             1C40     1C40       6A        4       0
                text28                             1A66     1A66       82        4       0
                text27                             2132     2132       16        4       0
                text26                             18C8     18C8       8C        4       0
                text25                             2100     2100       1A        4       0
                text24                             2058     2058       26        4       0
                text23                             1D70     1D70       62        4       0
                text22                             1D0E     1D0E       62        4       0
                text21                             2180     2180        C        4       0
                text20                             218C     218C        6        4       0
                text19                             2032     2032       26        4       0
                text18                             1AE8     1AE8       74        4       0
                text17                             1CAA     1CAA       64        4       0
                text16                             1306     1306       E0        4       0
                text15                             14B6     14B6       C2        4       0
                text14                             1578     1578       AE        4       0
                text13                             1F78     1F78       34        4       0
                text12                             2192     2192        2        4       0
                text11                             16D2     16D2       AA        4       0
                text10                             1ECC     1ECC       3C        4       0
                text9                              1954     1954       8A        4       0
                text8                               936      936      164        4       0
                text7                              1626     1626       AC        4       0
                text6                               A9A      A9A      15A        4       0
                text5                               6B2      6B2      284        4       0
                text4                              1E88     1E88       44        4       0
                text3                              1F40     1F40       38        4       0
                text2                               3A4      3A4      30E        4       0
                text1                              19DE     19DE       88        4       0
                text0                               FD2      FD2      122        4       0
                cstackCOMRAM                          1        1       4A        1       1
                cstackBANK0                          A5       A5       1B       60       1
                bssBANK0                             60       60       45       60       1
                dataCOMRAM                           5C       5C        1        1       1
                bssCOMRAM                            4B       4B       11        1       1
                cinit                              1F08     1F08       38        4       0
                idataCOMRAM                        2194     2194        1        4       0

TOTAL           Name                               Link     Load   Length     Space
        CLASS   CODE           
                intcode                               8        8       34         0
                init                                 3C       3C        4         0
                reset_vec                             0        0        4         0
                text54                             1BD0     1BD0       70         0
                text52                             20A2     20A2       22         0
                text51                             10F4     10F4      11E         0
                text50                             215E     215E       12         0
                text49                             1FAC     1FAC       30         0
                text48                             13E6     13E6       D0         0
                text47                             2170     2170       10         0
                text46                              BF4      BF4      15A         0
                text45                             1824     1824       A4         0
                text44                             177C     177C       A8         0
                text43                              D4E      D4E      146         0
                text42                             20C4     20C4       20         0
                text41                             1212     1212       F4         0
                text40                              E94      E94      13E         0
                text39                             2148     2148       16         0
                text38                             1B5C     1B5C       74         0
                text37                             207E     207E       24         0
                text36                             211A     211A       18         0
                text35                             2008     2008       2A         0
                text34                             20E4     20E4       1C         0
                text33                             1DD2     1DD2       5E         0
                text32                               40       40      364         0
                text31                             1E30     1E30       58         0
                text30                             1FDC     1FDC       2C         0
                text29                             1C40     1C40       6A         0
                text28                             1A66     1A66       82         0
                text27                             2132     2132       16         0
                text26                             18C8     18C8       8C         0
                text25                             2100     2100       1A         0
                text24                             2058     2058       26         0
                text23                             1D70     1D70       62         0
                text22                             1D0E     1D0E       62         0
                text21                             2180     2180        C         0
                text20                             218C     218C        6         0
                text19                             2032     2032       26         0
                text18                             1AE8     1AE8       74         0
                text17                             1CAA     1CAA       64         0
                text16                             1306     1306       E0         0
                text15                             14B6     14B6       C2         0
                text14                             1578     1578       AE         0
                text13                             1F78     1F78       34         0
                text12                             2192     2192        2         0
                text11                             16D2     16D2       AA         0
                text10                             1ECC     1ECC       3C         0
                text9                              1954     1954       8A         0
                text8                               936      936      164         0
                text7                              1626     1626       AC         0
                text6                               A9A      A9A      15A         0
                text5                               6B2      6B2      284         0
                text4                              1E88     1E88       44         0
                text3                              1F40     1F40       38         0
                text2                               3A4      3A4      30E         0
                text1                              19DE     19DE       88         0
                text0                               FD2      FD2      122         0
                cinit                              1F08     1F08       38         0
                idataCOMRAM                        2194     2194        1         0

        CLASS   CONST          

        CLASS   SMALLCONST     

        CLASS   MEDIUMCONST    
                mediumconst                        7EE6     7EE6      11A         0

        CLASS   COMRAM         
                temp                                 5D       5D        1         1
                cstackCOMRAM                          1        1       4A         1
                dataCOMRAM                           5C       5C        1         1
                bssCOMRAM                            4B       4B       11         1

        CLASS   ABS1           

        CLASS   BIGRAM         

        CLASS   RAM            

        CLASS   BANK0          
                cstackBANK0                          A5       A5       1B         1
                bssBANK0                             60       60       45         1

        CLASS   BANK1          

        CLASS   BANK2          

        CLASS   BANK3          

        CLASS   BANK4          

        CLASS   BANK5          

        CLASS   SFR            

        CLASS   BIGSFR         

        CLASS   CONFIG         
                config                           300000   300000        6         4

        CLASS   IDLOC          

        CLASS   EEDATA         

        CLASS   FARRAM         

        CLASS   HEAP           

        CLASS   STACK          



SEGMENTS        Name                           Load    Length   Top    Selector   Space  Class

                reset_vec                      000000  000004  000004         0       0  CODE    
                cstackCOMRAM                   000001  00005D  00005E         1       1  COMRAM  
                intcode                        000008  00218D  002195         4       0  CODE    
                bssBANK0                       000060  000060  0000C0        60       1  BANK0   
                mediumconst                    007EE6  00011A  008000      3F73       0  MEDIUMCO


UNUSED ADDRESS RANGES

        Name                Unused          Largest block    Delta
        BANK0            0000C0-0000FF               40
        BANK1            000100-0001FF              100
        BANK2            000200-0002FF              100
        BANK3            000300-0003FF              100
        BANK4            000400-0004FF              100
        BANK5            000500-0005FF              100
        BIGRAM           00005E-00005F                2
                         0000C0-0005FF              540
        BIGSFR           000F38-000FFF               C8
        CODE             000004-000007                4
                         002195-007EE5             5D51
        COMRAM           00005E-00005F                2
        CONFIG           300006-30000D                8
        CONST            000004-000007                4
                         002195-007EE5             5D51
        EEDATA           F00000-F000FF              100
        IDLOC            200000-200007                8
        MEDIUMCONST      002195-007EE5             5D51
        RAM              0000C0-0005FF              100
        SFR              000F38-000FFF               28
        SMALLCONST       002195-007EE5              100

                                  Symbol Table

?_LM35_Read_Temp                     cstackCOMRAM 00000F
?___awdiv                            cstackCOMRAM 000003
?___awmod                            cstackCOMRAM 000003
?___lldiv                            cstackCOMRAM 000003
?___llmod                            cstackCOMRAM 000003
?___lmul                             cstackCOMRAM 000003
?___lwdiv                            cstackCOMRAM 000003
?___lwmod                            cstackCOMRAM 00000A
?_abs                                cstackCOMRAM 000009
?_read_prec_or_width                 cstackCOMRAM 000003
?_sprintf                            cstackCOMRAM 000035
?_vfprintf                           cstackCOMRAM 00002F
BCD2Dec@bcd                          cstackCOMRAM 000004
Button_Read@result                   cstackCOMRAM 000004
Buzzer_StartMelody@freq              cstackCOMRAM 000022
Buzzer_StartMelody@mel               cstackCOMRAM 00001C
Buzzer_StartTone@duration_ms         cstackCOMRAM 000012
Buzzer_StartTone@freq_hz             cstackCOMRAM 000010
Buzzer_StartTone@half_period_us      cstackCOMRAM 000018
Check_Heating_Logic@end_mins         cstackCOMRAM 000008
Check_Heating_Logic@in_window        cstackCOMRAM 000005
Check_Heating_Logic@now_mins         cstackCOMRAM 00000A
Check_Heating_Logic@start_mins       cstackCOMRAM 000006
EEPROM_Load_Settings@check           cstackCOMRAM 000007
EEPROM_Load_Settings@s               cstackCOMRAM 000006
EEPROM_Save_Settings@s               cstackCOMRAM 000005
Handle_Alarm@alarm_start_tick        bssBANK0     00006C
Handle_Alarm@melodyDurations         mediumconst  007EF1
Handle_Alarm@melodyNotes             mediumconst  007EF7
Handle_Alarm@toneB                   mediumconst  007EFD
Handle_Input@btn                     cstackCOMRAM 00000C
I2C_Read@ack                         cstackCOMRAM 000005
I2C_Read@data                        cstackCOMRAM 000006
I2C_Read@i                           cstackCOMRAM 000007
I2C_Write@data                       cstackCOMRAM 000003
I2C_Write@i                          cstackCOMRAM 000004
LCD_Char@dat                         cstackCOMRAM 000005
LCD_Cmd@cmd                          cstackCOMRAM 000006
LCD_Nibble@nibble                    cstackCOMRAM 000004
LCD_Set_Cursor@address               cstackCOMRAM 000009
LCD_Set_Cursor@col                   cstackCOMRAM 000007
LCD_Set_Cursor@row                   cstackCOMRAM 000008
LCD_String@str                       cstackCOMRAM 000006
LM35_Read_Temp@adc_val               cstackCOMRAM 000019
LM35_Read_Temp@temp                  cstackCOMRAM 000015
RTC_Get_Time@t                       cstackCOMRAM 000009
Read_Byte@addr                       cstackCOMRAM 000003
SevenSeg_Update_Value@number         cstackCOMRAM 00000F
Update_Display@buffer                cstackBANK0  0000A7
Write_Byte@addr                      cstackCOMRAM 000004
Write_Byte@data                      cstackCOMRAM 000003
_ADCON0bits                          (abs)        000FC2
_ADCON1bits                          (abs)        000FC1
_ADCON2bits                          (abs)        000FC0
_ADRESH                              (abs)        000FC4
_ADRESL                              (abs)        000FC3
_ANSELC                              (abs)        000F3A
_ANSELCbits                          (abs)        000F3A
_ANSELE                              (abs)        000F3C
_ANSELEbits                          (abs)        000F3C
_BCD2Dec                             text27       002132
_Button_Read                         text40       000E94
_Buzzer_Init                         text52       0020A2
_Buzzer_StartMelody                  text43       000D4E
_Buzzer_StartMelody$1429             cstackCOMRAM 000024
_Buzzer_StartTone                    text44       00177C
_Buzzer_Stop                         text42       0020C4
_Check_Heating_Logic                 text51       0010F4
_Controls_Init                       text50       00215E
_EEADR                               (abs)        000FA9
_EECON1bits                          (abs)        000FA6
_EECON2                              (abs)        000FA7
_EEDATA                              (abs)        000FA8
_EEPROM_Load_Settings                text46       000BF4
_EEPROM_Save_Settings                text48       0013E6
_Handle_Alarm                        text41       001212
_Handle_Input                        text32       000040
_I2C_Init                            text21       002180
_I2C_Read                            text26       0018C8
_I2C_Start                           text25       002100
_I2C_Stop                            text24       002058
_I2C_Write                           text23       001D70
_INTCONbits                          (abs)        000FF2
_ISR                                 intcode      000008
_LATA                                (abs)        000F89
_LATBbits                            (abs)        000F8A
_LATCbits                            (abs)        000F8B
_LATD                                (abs)        000F8C
_LATEbits                            (abs)        000F8D
_LCD_Char                            text34       0020E4
_LCD_Clear                           text36       00211A
_LCD_Cmd                             text37       00207E
_LCD_Init                            text31       001E30
_LCD_Nibble                          text38       001B5C
_LCD_Pulse                           text39       002148
_LCD_Set_Cursor                      text35       002008
_LCD_String                          text33       001DD2
_LM35_Init                           text30       001FDC
_LM35_Read_Temp                      text28       001A66
_OSCCON                              (abs)        000FD3
_PIE1bits                            (abs)        000F9D
_PIR1bits                            (abs)        000F9E
_PORTCbits                           (abs)        000F82
_PR2                                 (abs)        000FBB
_RTC_Get_Time                        text22       001D0E
_RTC_Init                            text20       00218C
_Read_Byte                           text47       002170
_SEG_MAP                             mediumconst  007EE7
_SevenSeg_ISR_Handler                text54       001BD0
_SevenSeg_Init                       text19       002032
_SevenSeg_Update_Value               text16       001306
_T0CONbits                           (abs)        000FD5
_T1CON                               (abs)        000FCD
_T1CONbits                           (abs)        000FCD
_T2CON                               (abs)        000FBA
_T2CONbits                           (abs)        000FBA
_TMR0H                               (abs)        000FD7
_TMR0L                               (abs)        000FD6
_TMR1                                (abs)        000FCE
_TMR2                                (abs)        000FBC
_TRISA                               (abs)        000F92
_TRISB                               (abs)        000F93
_TRISCbits                           (abs)        000F94
_TRISD                               (abs)        000F95
_TRISEbits                           (abs)        000F96
_Update_Display                      text2        0003A4
_Update_Display$307                  cstackBANK0  0000B8
_Update_Display$308                  cstackBANK0  0000BA
_Update_Display$321                  cstackBANK0  0000BC
_Update_Display$326                  cstackBANK0  0000BE
_Write_Byte                          text49       001FAC
__HRAM                               (abs)        000000
__H__absolute__                      __absolute__ 000000
__Habs1                              abs1         000000
__Hbank0                             bank0        000000
__Hbank1                             bank1        000000
__Hbank2                             bank2        000000
__Hbank3                             bank3        000000
__Hbank4                             bank4        000000
__Hbank5                             bank5        000000
__Hbigbss                            bigbss       000000
__Hbigdata                           bigdata      000000
__Hbigram                            bigram       000000
__Hbigsfr                            bigsfr       000000
__Hbss                               bss          000000
__HbssBANK0                          bssBANK0     000000
__HbssCOMRAM                         bssCOMRAM    000000
__Hcinit                             cinit        000000
__Hclrtext                           clrtext      000000
__Hcomram                            comram       000000
__Hconfig                            config       300006
__Hconst                             const        000000
__HcstackBANK0                       cstackBANK0  000000
__HcstackCOMRAM                      cstackCOMRAM 000000
__Hdata                              data         000000
__HdataCOMRAM                        dataCOMRAM   000000
__Heeprom_data                       eeprom_data  000000
__Hfarbss                            farbss       000000
__Hfardata                           fardata      000000
__Hheap                              heap         000000
__Hibigdata                          ibigdata     000000
__Hidata                             idata        000000
__HidataCOMRAM                       idataCOMRAM  000000
__Hidloc                             idloc        000000
__Hifardata                          ifardata     000000
__Hinit                              init         000040
__Hintcode                           intcode      00003C
__Hintcode_body                      intcode_body 000000
__Hintcodelo                         intcodelo    000018
__Hintentry                          intentry     000000
__Hintret                            intret       000000
__Hintsave_regs                      intsave_regs 000000
__Hirdata                            irdata       000000
__Hmediumconst                       mediumconst  008000
__HnvFARRAM                          nvFARRAM     000000
__Hnvbit                             nvbit        000000
__Hnvrram                            nvrram       000000
__Hparam                             rparam       000000
__Hpowerup                           powerup      000000
__Hram                               ram          000000
__Hramtop                            ramtop       000600
__Hrbit                              rbit         000000
__Hrbss                              rbss         000000
__Hrdata                             rdata        000000
__Hreset_vec                         reset_vec    000004
__Hrparam                            rparam       000000
__Hsfr                               sfr          000000
__Hsivt_hi                           sivt_hi      000000
__Hsivt_lo                           sivt_lo      000018
__Hsmallconst                        smallconst   000000
__Hspace_0                           (abs)        008000
__Hspace_1                           (abs)        0000C0
__Hspace_2                           (abs)        000000
__Hspace_4                           (abs)        600006
__Hstack                             stack        000000
__Hstruct                            struct       000000
__Htemp                              temp         00005E
__Htext                              text         000000
__Htext0                             text0        000000
__Htext1                             text1        000000
__Htext10                            text10       000000
__Htext11                            text11       000000
__Htext12                            text12       000000
__Htext13                            text13       000000
__Htext14                            text14       000000
__Htext15                            text15       000000
__Htext16                            text16       000000
__Htext17                            text17       000000
__Htext18                            text18       000000
__Htext19                            text19       000000
__Htext2                             text2        000000
__Htext20                            text20       000000
__Htext21                            text21       000000
__Htext22                            text22       000000
__Htext23                            text23       000000
__Htext24                            text24       000000
__Htext25                            text25       000000
__Htext26                            text26       000000
__Htext27                            text27       000000
__Htext28                            text28       000000
__Htext29                            text29       000000
__Htext3                             text3        000000
__Htext30                            text30       000000
__Htext31                            text31       000000
__Htext32                            text32       000000
__Htext33                            text33       000000
__Htext34                            text34       000000
__Htext35                            text35       000000
__Htext36                            text36       000000
__Htext37                            text37       000000
__Htext38                            text38       000000
__Htext39                            text39       000000
__Htext4                             text4        000000
__Htext40                            text40       000000
__Htext41                            text41       000000
__Htext42                            text42       000000
__Htext43                            text43       000000
__Htext44                            text44       000000
__Htext45                            text45       000000
__Htext46                            text46       000000
__Htext47                            text47       000000
__Htext48                            text48       000000
__Htext49                            text49       000000
__Htext5                             text5        000000
__Htext50                            text50       000000
__Htext51                            text51       000000
__Htext52                            text52       000000
__Htext54                            text54       000000
__Htext6                             text6        000000
__Htext7                             text7        000000
__Htext8                             text8        000000
__Htext9                             text9        000000
__LRAM                               (abs)        000001
__L__absolute__                      __absolute__ 000000
__Labs1                              abs1         000000
__Lbank0                             bank0        000000
__Lbank1                             bank1        000000
__Lbank2                             bank2        000000
__Lbank3                             bank3        000000
__Lbank4                             bank4        000000
__Lbank5                             bank5        000000
__Lbigbss                            bigbss       000000
__Lbigdata                           bigdata      000000
__Lbigram                            bigram       000000
__Lbigsfr                            bigsfr       000000
__Lbss                               bss          000000
__LbssBANK0                          bssBANK0     000000
__LbssCOMRAM                         bssCOMRAM    000000
__Lcinit                             cinit        000000
__Lclrtext                           clrtext      000000
__Lcomram                            comram       000000
__Lconfig                            config       000000
__Lconst                             const        000000
__LcstackBANK0                       cstackBANK0  000000
__LcstackCOMRAM                      cstackCOMRAM 000000
__Ldata                              data         000000
__LdataCOMRAM                        dataCOMRAM   000000
__Leeprom_data                       eeprom_data  000000
__Lfarbss                            farbss       000000
__Lfardata                           fardata      000000
__Lheap                              heap         000000
__Libigdata                          ibigdata     000000
__Lidata                             idata        000000
__LidataCOMRAM                       idataCOMRAM  000000
__Lidloc                             idloc        000000
__Lifardata                          ifardata     000000
__Linit                              init         00003C
__Lintcode                           intcode      000008
__Lintcode_body                      intcode_body 000000
__Lintcodelo                         intcodelo    000018
__Lintentry                          intentry     000000
__Lintret                            intret       000000
__Lintsave_regs                      intsave_regs 000000
__Lirdata                            irdata       000000
__Lmediumconst                       mediumconst  007EE6
__LnvFARRAM                          nvFARRAM     000000
__Lnvbit                             nvbit        000000
__Lnvrram                            nvrram       000000
__Lparam                             rparam       000000
__Lpowerup                           powerup      000000
__Lram                               ram          000000
__Lramtop                            ramtop       000600
__Lrbit                              rbit         000000
__Lrbss                              rbss         000000
__Lrdata                             rdata        000000
__Lreset_vec                         reset_vec    000000
__Lrparam                            rparam       000000
__Lsfr                               sfr          000000
__Lsivt_hi                           sivt_hi      000000
__Lsivt_lo                           sivt_lo      000018
__Lsmallconst                        smallconst   000000
__Lspace_0                           (abs)        000000
__Lspace_1                           (abs)        000000
__Lspace_2                           (abs)        000000
__Lspace_4                           (abs)        000000
__Lstack                             stack        000000
__Lstruct                            struct       000000
__Ltemp                              temp         00005D
__Ltext                              text         000000
__Ltext0                             text0        000000
__Ltext1                             text1        000000
__Ltext10                            text10       000000
__Ltext11                            text11       000000
__Ltext12                            text12       000000
__Ltext13                            text13       000000
__Ltext14                            text14       000000
__Ltext15                            text15       000000
__Ltext16                            text16       000000
__Ltext17                            text17       000000
__Ltext18                            text18       000000
__Ltext19                            text19       000000
__Ltext2                             text2        000000
__Ltext20                            text20       000000
__Ltext21                            text21       000000
__Ltext22                            text22       000000
__Ltext23                            text23       000000
__Ltext24                            text24       000000
__Ltext25                            text25       000000
__Ltext26                            text26       000000
__Ltext27                            text27       000000
__Ltext28                            text28       000000
__Ltext29                            text29       000000
__Ltext3                             text3        000000
__Ltext30                            text30       000000
__Ltext31                            text31       000000
__Ltext32                            text32       000000
__Ltext33                            text33       000000
__Ltext34                            text34       000000
__Ltext35                            text35       000000
__Ltext36                            text36       000000
__Ltext37                            text37       000000
__Ltext38                            text38       000000
__Ltext39                            text39       000000
__Ltext4                             text4        000000
__Ltext40                            text40       000000
__Ltext41                            text41       000000
__Ltext42                            text42       000000
__Ltext43                            text43       000000
__Ltext44                            text44       000000
__Ltext45                            text45       000000
__Ltext46                            text46       000000
__Ltext47                            text47       000000
__Ltext48                            text48       000000
__Ltext49                            text49       000000
__Ltext5                             text5        000000
__Ltext50                            text50       000000
__Ltext51                            text51       000000
__Ltext52                            text52       000000
__Ltext54                            text54       000000
__Ltext6                             text6        000000
__Ltext7                             text7        000000
__Ltext8                             text8        000000
__Ltext9                             text9        000000
__S0                                 (abs)        008000
__S1                                 (abs)        0000C0
__S4                                 (abs)        000000
__S5                                 (abs)        000000
___awdiv                             text15       0014B6
___awdiv@counter                     cstackCOMRAM 000007
___awdiv@dividend                    cstackCOMRAM 000003
___awdiv@divisor                     cstackCOMRAM 000005
___awdiv@quotient                    cstackCOMRAM 000009
___awdiv@sign                        cstackCOMRAM 000008
___awmod                             text14       001578
___awmod@counter                     cstackCOMRAM 000007
___awmod@dividend                    cstackCOMRAM 000003
___awmod@divisor                     cstackCOMRAM 000005
___awmod@sign                        cstackCOMRAM 000008
___heap_hi                           (abs)        000000
___heap_lo                           (abs)        000000
___inthi_sp                          stack        000000
___inthi_stack_hi                    stack        000000
___inthi_stack_lo                    stack        000000
___intlo_sp                          stack        000000
___intlo_stack_hi                    stack        000000
___intlo_stack_lo                    stack        000000
___lldiv                             text45       001824
___lldiv@counter                     cstackCOMRAM 00000F
___lldiv@dividend                    cstackCOMRAM 000003
___lldiv@divisor                     cstackCOMRAM 000007
___lldiv@quotient                    cstackCOMRAM 00000B
___llmod                             text1        0019DE
___llmod@counter                     cstackCOMRAM 00000B
___llmod@dividend                    cstackCOMRAM 000003
___llmod@divisor                     cstackCOMRAM 000007
___lmul                              text29       001C40
___lmul@multiplicand                 cstackCOMRAM 000007
___lmul@multiplier                   cstackCOMRAM 000003
___lmul@product                      cstackCOMRAM 00000B
___lwdiv                             text18       001AE8
___lwdiv@counter                     cstackCOMRAM 000009
___lwdiv@dividend                    cstackCOMRAM 000003
___lwdiv@divisor                     cstackCOMRAM 000005
___lwdiv@quotient                    cstackCOMRAM 000007
___lwmod                             text17       001CAA
___lwmod@counter                     cstackCOMRAM 00000E
___lwmod@dividend                    cstackCOMRAM 00000A
___lwmod@divisor                     cstackCOMRAM 00000C
___param_bank                        (abs)        000000
___rparam_used                       (abs)        000001
___sp                                stack        000000
___stack_hi                          stack        000000
___stack_lo                          stack        000000
__accesstop                          (abs)        000060
__activetblptr                       (abs)        000002
__end_ofHandle_Alarm@melodyDurations mediumconst  007EF7
__end_ofHandle_Alarm@melodyNotes     mediumconst  007EFD
__end_ofHandle_Alarm@toneB           mediumconst  007F02
__end_of_BCD2Dec                     text27       002148
__end_of_Button_Read                 text40       000FD2
__end_of_Buzzer_Init                 text52       0020C4
__end_of_Buzzer_StartMelody          text43       000E94
__end_of_Buzzer_StartTone            text44       001824
__end_of_Buzzer_Stop                 text42       0020E4
__end_of_Check_Heating_Logic         text51       001212
__end_of_Controls_Init               text50       002170
__end_of_EEPROM_Load_Settings        text46       000D4E
__end_of_EEPROM_Save_Settings        text48       0014B6
__end_of_Handle_Alarm                text41       001306
__end_of_Handle_Input                text32       0003A4
__end_of_I2C_Init                    text21       00218C
__end_of_I2C_Read                    text26       001954
__end_of_I2C_Start                   text25       00211A
__end_of_I2C_Stop                    text24       00207E
__end_of_I2C_Write                   text23       001DD2
__end_of_ISR                         intcode      00003C
__end_of_LCD_Char                    text34       002100
__end_of_LCD_Clear                   text36       002132
__end_of_LCD_Cmd                     text37       0020A2
__end_of_LCD_Init                    text31       001E88
__end_of_LCD_Nibble                  text38       001BD0
__end_of_LCD_Pulse                   text39       00215E
__end_of_LCD_Set_Cursor              text35       002032
__end_of_LCD_String                  text33       001E30
__end_of_LM35_Init                   text30       002008
__end_of_LM35_Read_Temp              text28       001AE8
__end_of_RTC_Get_Time                text22       001D70
__end_of_RTC_Init                    text20       002192
__end_of_Read_Byte                   text47       002180
__end_of_SEG_MAP                     mediumconst  007EF1
__end_of_SevenSeg_ISR_Handler        text54       001C40
__end_of_SevenSeg_Init               text19       002058
__end_of_SevenSeg_Update_Value       text16       0013E6
__end_of_Update_Display              text2        0006B2
__end_of_Write_Byte                  text49       001FDC
__end_of___awdiv                     text15       001578
__end_of___awmod                     text14       001626
__end_of___lldiv                     text45       0018C8
__end_of___llmod                     text1        001A66
__end_of___lmul                      text29       001CAA
__end_of___lwdiv                     text18       001B5C
__end_of___lwmod                     text17       001D0E
__end_of__initialization             cinit        001F32
__end_of_abs                         text13       001FAC
__end_of_dtoa                        text8        000A9A
__end_of_fputc                       text11       00177C
__end_of_fputs                       text10       001F08
__end_of_main                        text0        0010F4
__end_of_pad                         text9        0019DE
__end_of_putch                       text12       002194
__end_of_read_prec_or_width          text7        0016D2
__end_of_sprintf                     text3        001F78
__end_of_stoa                        text6        000BF4
__end_of_vfpfcnvrt                   text5        000936
__end_of_vfprintf                    text4        001ECC
__initialization                     cinit        001F08
__mediumconst                        mediumconst  007EE6
__pbssBANK0                          bssBANK0     000060
__pbssCOMRAM                         bssCOMRAM    00004B
__pcinit                             cinit        001F08
__pcstackBANK0                       cstackBANK0  0000A5
__pcstackCOMRAM                      cstackCOMRAM 000001
__pdataCOMRAM                        dataCOMRAM   00005C
__pidataCOMRAM                       idataCOMRAM  002194
__pintcode                           intcode      000008
__pmediumconst                       mediumconst  007EE6
__ptext0                             text0        000FD2
__ptext1                             text1        0019DE
__ptext10                            text10       001ECC
__ptext11                            text11       0016D2
__ptext12                            text12       002192
__ptext13                            text13       001F78
__ptext14                            text14       001578
__ptext15                            text15       0014B6
__ptext16                            text16       001306
__ptext17                            text17       001CAA
__ptext18                            text18       001AE8
__ptext19                            text19       002032
__ptext2                             text2        0003A4
__ptext20                            text20       00218C
__ptext21                            text21       002180
__ptext22                            text22       001D0E
__ptext23                            text23       001D70
__ptext24                            text24       002058
__ptext25                            text25       002100
__ptext26                            text26       0018C8
__ptext27                            text27       002132
__ptext28                            text28       001A66
__ptext29                            text29       001C40
__ptext3                             text3        001F40
__ptext30                            text30       001FDC
__ptext31                            text31       001E30
__ptext32                            text32       000040
__ptext33                            text33       001DD2
__ptext34                            text34       0020E4
__ptext35                            text35       002008
__ptext36                            text36       00211A
__ptext37                            text37       00207E
__ptext38                            text38       001B5C
__ptext39                            text39       002148
__ptext4                             text4        001E88
__ptext40                            text40       000E94
__ptext41                            text41       001212
__ptext42                            text42       0020C4
__ptext43                            text43       000D4E
__ptext44                            text44       00177C
__ptext45                            text45       001824
__ptext46                            text46       000BF4
__ptext47                            text47       002170
__ptext48                            text48       0013E6
__ptext49                            text49       001FAC
__ptext5                             text5        0006B2
__ptext50                            text50       00215E
__ptext51                            text51       0010F4
__ptext52                            text52       0020A2
__ptext54                            text54       001BD0
__ptext6                             text6        000A9A
__ptext7                             text7        001626
__ptext8                             text8        000936
__ptext9                             text9        001954
__ramtop                             ramtop       000600
__smallconst                         mediumconst  007EE6
_abs                                 text13       001F78
_alarm_active                        bssCOMRAM    00005B
_buzzer_active                       bssCOMRAM    000059
_currentTime                         bssBANK0     0000A2
_current_digit                       bssCOMRAM    00005A
_current_melody                      bssCOMRAM    000051
_current_state                       bssBANK0     000076
_current_temp_c                      bssBANK0     00006E
_current_temp_raw                    bssBANK0     000070
_dbuf                                bssBANK0     000078
_digits                              bssBANK0     000060
_dtoa                                text8        000936
_dtoa$1957                           cstackCOMRAM 00001A
_flags                               bssCOMRAM    000057
_fputc                               text11       0016D2
_fputs                               text10       001ECC
_half_period_ticks                   bssCOMRAM    000053
_heater_state                        bssBANK0     000077
_last_btn_back                       bssBANK0     000072
_last_btn_down                       bssBANK0     000074
_last_btn_enter                      bssBANK0     000073
_last_btn_up                         bssBANK0     000075
_last_drawn_state                    dataCOMRAM   00005C
_last_tick                           bssBANK0     000064
_main                                text0        000FD2
_note_duration_ms                    bssCOMRAM    00004F
_note_index                          bssCOMRAM    000058
_pad                                 text9        001954
_prec                                bssBANK0     00006A
_putch                               text12       002192
_read_prec_or_width                  text7        001626
_settings                            bssBANK0     000098
_sprintf                             text3        001F40
_stoa                                text6        000A9A
_system_ticks                        bssCOMRAM    00004B
_tone_counter_ms                     bssCOMRAM    000055
_vfpfcnvrt                           text5        0006B2
_vfprintf                            text4        001E88
_width                               bssBANK0     000068
abs@a                                cstackCOMRAM 000009
btemp                                temp         00005D
dtoa@d                               cstackCOMRAM 000018
dtoa@fp                              cstackCOMRAM 000017
dtoa@i                               cstackCOMRAM 000020
dtoa@p                               cstackCOMRAM 00001C
dtoa@s                               cstackCOMRAM 00001F
dtoa@w                               cstackCOMRAM 00001D
end_of_initialization                cinit        001F32
fputc@c                              cstackCOMRAM 000003
fputc@fp                             cstackCOMRAM 000005
fputs@c                              cstackCOMRAM 00000D
fputs@fp                             cstackCOMRAM 00000C
fputs@i                              cstackCOMRAM 00000E
fputs@s                              cstackCOMRAM 00000B
int$flags                            temp         00005D
intlevel0                            text         000000
intlevel1                            text         000000
intlevel2                            text         000000
intlevel3                            text         000000
isa$std                              (abs)        000001
isa$xinst                            (abs)        000000
pad@buf                              cstackCOMRAM 000011
pad@fp                               cstackCOMRAM 000010
pad@i                                cstackCOMRAM 000015
pad@p                                cstackCOMRAM 000012
read_prec_or_width@ap                cstackCOMRAM 000004
read_prec_or_width@c                 cstackCOMRAM 000007
read_prec_or_width@fmt               cstackCOMRAM 000003
read_prec_or_width@n                 cstackCOMRAM 000008
sprintf@ap                           cstackCOMRAM 00003E
sprintf@f                            cstackCOMRAM 00003F
sprintf@fmt                          cstackCOMRAM 000036
sprintf@s                            cstackCOMRAM 000035
stackhi                              (abs)        000000
stacklo                              (abs)        000000
start                                init         00003C
start_initialization                 cinit        001F08
stoa@cp                              cstackCOMRAM 000014
stoa@fp                              cstackCOMRAM 00000B
stoa@l                               cstackCOMRAM 000016
stoa@p                               cstackCOMRAM 000010
stoa@s                               cstackCOMRAM 00000C
stoa@w                               cstackCOMRAM 000012
ttemp5                               temp         00005E
ttemp6                               temp         000061
ttemp7                               temp         000065
vfpfcnvrt@ap                         cstackCOMRAM 000024
vfpfcnvrt@convarg                    cstackCOMRAM 000028
vfpfcnvrt@cp                         cstackCOMRAM 00002C
vfpfcnvrt@done                       cstackCOMRAM 00002E
vfpfcnvrt@fmt                        cstackCOMRAM 000023
vfpfcnvrt@fp                         cstackCOMRAM 000022
vfprintf@ap                          cstackCOMRAM 000032
vfprintf@cfmt                        cstackCOMRAM 000033
vfprintf@fmt                         cstackCOMRAM 000030
vfprintf@fp                          cstackCOMRAM 00002F
wtemp8                               temp         00005E


MODULE INFORMATION

Module		Function		Class		Link	Load	Size
C:\Program Files\Microchip\xc8\v3.00\pic\sources\c99\common\abs.c
		_abs           		CODE           	1F78	0000	52

C:\Program Files\Microchip\xc8\v3.00\pic\sources\c99\common\abs.c estimated size: 52

C:\Program Files\Microchip\xc8\v3.00\pic\sources\c99\common\nf_fputc.c
		_fputc         		CODE           	16D2	0000	170

C:\Program Files\Microchip\xc8\v3.00\pic\sources\c99\common\nf_fputc.c estimated size: 170

buzzer.c
		_Buzzer_Init   		CODE           	20A2	0000	34
		_Buzzer_Stop   		CODE           	20C4	0000	32
		_Buzzer_StartTone		CODE           	177C	0000	168
		_Buzzer_StartMelody		CODE           	0D4E	0000	326

buzzer.c estimated size: 560

sevenseg.c
		_SevenSeg_Update_Value		CODE           	1306	0000	224
		_SevenSeg_ISR_Handler		CODE           	1BD0	0000	112
		_SevenSeg_Init 		CODE           	2032	0000	38

sevenseg.c estimated size: 374

C:\Program Files\Microchip\xc8\v3.00\pic\sources\c99\common\nf_sprintf.c
		_sprintf       		CODE           	1F40	0000	56

C:\Program Files\Microchip\xc8\v3.00\pic\sources\c99\common\nf_sprintf.c estimated size: 56

buttons.c
		_Controls_Init 		CODE           	215E	0000	18
		_Button_Read   		CODE           	0E94	0000	318

buttons.c estimated size: 336

eeprom.c
		_Read_Byte     		CODE           	2170	0000	16
		_EEPROM_Load_Settings		CODE           	0BF4	0000	346
		_EEPROM_Save_Settings		CODE           	13E6	0000	208
		_Write_Byte    		CODE           	1FAC	0000	48

eeprom.c estimated size: 618

C:\Program Files\Microchip\xc8\v3.00\pic\sources\c99\common\lwmod.c
		___lwmod       		CODE           	1CAA	0000	100

C:\Program Files\Microchip\xc8\v3.00\pic\sources\c99\common\lwmod.c estimated size: 100

C:\Program Files\Microchip\xc8\v3.00\pic\sources\c99\common\awmod.c
		___awmod       		CODE           	1578	0000	174

C:\Program Files\Microchip\xc8\v3.00\pic\sources\c99\common\awmod.c estimated size: 174

C:\Program Files\Microchip\xc8\v3.00\pic\sources\c99\common\putch.c
		_putch         		CODE           	2192	0000	2

C:\Program Files\Microchip\xc8\v3.00\pic\sources\c99\common\putch.c estimated size: 2

C:\Program Files\Microchip\xc8\v3.00\pic\sources\c99\common\llmod.c
		___llmod       		CODE           	19DE	0000	136

C:\Program Files\Microchip\xc8\v3.00\pic\sources\c99\common\llmod.c estimated size: 136

C:\Program Files\Microchip\xc8\v3.00\pic\sources\c99\common\Umul32.c
		___lmul        		CODE           	1C40	0000	106

C:\Program Files\Microchip\xc8\v3.00\pic\sources\c99\common\Umul32.c estimated size: 106

C:\Program Files\Microchip\xc8\v3.00\pic\sources\c99\common\__lldiv.c
		___lldiv       		CODE           	1824	0000	164

C:\Program Files\Microchip\xc8\v3.00\pic\sources\c99\common\__lldiv.c estimated size: 164

shared
		Handle_Alarm@melodyNotes		MEDIUMCONST    	7EF7	0000	6
		_SEG_MAP       		MEDIUMCONST    	7EE7	0000	10
		Handle_Alarm@melodyDurations		MEDIUMCONST    	7EF1	0000	6
		__initialization		CODE           	1F08	0000	42
		Handle_Alarm@toneB		MEDIUMCONST    	7EFD	0000	5

shared estimated size: 69

C:\Program Files\Microchip\xc8\v3.00\pic\sources\c99\common\nf_fputs.c
		_fputs         		CODE           	1ECC	0000	60

C:\Program Files\Microchip\xc8\v3.00\pic\sources\c99\common\nf_fputs.c estimated size: 60

rtc.c
		_I2C_Write     		CODE           	1D70	0000	98
		_RTC_Init      		CODE           	218C	0000	6
		_I2C_Stop      		CODE           	2058	0000	38
		_I2C_Read      		CODE           	18C8	0000	140
		_I2C_Init      		CODE           	2180	0000	12
		_RTC_Get_Time  		CODE           	1D0E	0000	98
		_I2C_Start     		CODE           	2100	0000	26
		_BCD2Dec       		CODE           	2132	0000	22

rtc.c estimated size: 440

lcd.c
		_LCD_String    		CODE           	1DD2	0000	94
		_LCD_Init      		CODE           	1E30	0000	88
		_LCD_Cmd       		CODE           	207E	0000	36
		_LCD_Nibble    		CODE           	1B5C	0000	116
		_LCD_Char      		CODE           	20E4	0000	28
		_LCD_Set_Cursor		CODE           	2008	0000	42
		_LCD_Clear     		CODE           	211A	0000	24
		_LCD_Pulse     		CODE           	2148	0000	22

lcd.c estimated size: 450

lm35.c
		_LM35_Init     		CODE           	1FDC	0000	44
		_LM35_Read_Temp		CODE           	1A66	0000	130

lm35.c estimated size: 174

C:\Program Files\Microchip\xc8\v3.00\pic\sources\c99\common\lwdiv.c
		___lwdiv       		CODE           	1AE8	0000	116

C:\Program Files\Microchip\xc8\v3.00\pic\sources\c99\common\lwdiv.c estimated size: 116

C:\Program Files\Microchip\xc8\v3.00\pic\sources\c99\common\awdiv.c
		___awdiv       		CODE           	14B6	0000	194

C:\Program Files\Microchip\xc8\v3.00\pic\sources\c99\common\awdiv.c estimated size: 194

main.c
		_Handle_Alarm  		CODE           	1212	0000	244
		_Handle_Input  		CODE           	0040	0000	868
		_ISR           		CODE           	0008	0000	52
		_Check_Heating_Logic		CODE           	10F4	0000	286
		_main          		CODE           	0FD2	0000	290
		_Update_Display		CODE           	03A4	0000	782

main.c estimated size: 2522

C:\Program Files\Microchip\xc8\v3.00\pic\sources\c99\common\doprnt.c
		_read_prec_or_width		CODE           	1626	0000	172
		_vfpfcnvrt     		CODE           	06B2	0000	644
		_pad           		CODE           	1954	0000	138
		_dtoa          		CODE           	0936	0000	356
		_vfprintf      		CODE           	1E88	0000	68
		_stoa          		CODE           	0A9A	0000	346

C:\Program Files\Microchip\xc8\v3.00\pic\sources\c99\common\doprnt.c estimated size: 1724

