Microchip MPLAB XC8 Compiler V3.00

Linker command line:

-W-3 \
  --edf=C:/Program Files/Microchip/MPLABX/v6.25/packs/Microchip/PIC18F-K_DFP/1.14.301/xc8\pic\dat\20241213203129_en.msgs \
  -cn -h+dist/default/debug\Assignment.X.debug.sym \
  --cmf=dist/default/debug\Assignment.X.debug.cmf -z -Q18F45K22 \
  -oC:\Users\767905\AppData\Local\Temp\xcAs114.\driver_tmp_3.o \
  --defsym=__MPLAB_BUILD=1 --fixupoverflow=error \
  -Mdist/default/debug/Assignment.X.debug.map \
  --md=C:\Users\767905\AppData\Local\Temp\xcAs114.\driver_tmp_0.dat -E1 \
  -ver=XC8 Compiler -ACODE=00h-07FFFh -ACONST=00h-07FFFh \
  -ASMALLCONST=0600h-06FFhx122 -AMEDIUMCONST=0600h-07FFFh -ACOMRAM=01h-05Fh \
  -AABS1=00h-05FFh -ABIGRAM=01h-05FFh -ARAM=060h-0FFh,0100h-01FFhx5 \
  -ABANK0=060h-0FFh -ABANK1=0100h-01FFh -ABANK2=0200h-02FFh \
  -ABANK3=0300h-03FFh -ABANK4=0400h-04FFh -ABANK5=0500h-05FFh \
  -ASFR=0F38h-0F5Fh,0F60h-0FFFh -ABIGSFR=0F38h-0FFFh \
  -ACONFIG=0300000h-030000Dh -AIDLOC=0200000h-0200007h \
  -AEEDATA=0F00000h-0F000FFh -peeprom_data=EEDATA \
  -preset_vec=00h,intcode=8h,intcodelo=18h,sivt_lo,sivt_hi=CODE \
  -ppowerup=CODE,init -pramtop=0600h -psmallconst=SMALLCONST \
  -pmediumconst=MEDIUMCONST -pconst=CONST -AFARRAM=00h-00h \
  -prdata=COMRAM,nvrram=COMRAM,nvbit=COMRAM,rbss=COMRAM,rbit=COMRAM \
  -pfarbss=FARRAM,fardata=FARRAM,nvFARRAM=FARRAM \
  -pintsave_regs=BIGRAM,bigbss=BIGRAM,bigdata=BIGRAM -pbss=RAM \
  -pidata=CODE,irdata=CODE,ibigdata=CODE,ifardata=CODE -prparam=COMRAM \
  C:\Users\767905\AppData\Local\Temp\xcAs114.\driver_tmp_14.o \
  dist/default/debug\Assignment.X.debug.o 

Object code version is 3.11

Machine type is 18F45K22



                Name                               Link     Load   Length Selector   Space Scale
C:\Users\767905\AppData\Local\Temp\xcAs114.\driver_tmp_14.o
                config                           300000   300000        E        0       4
                init                                 96       96        4        4       0
                reset_vec                             0        0        4        0       0
dist/default/debug\Assignment.X.debug.o
                intcode                               8        8       8E        4       0
                config                           300000   300000        E        0       4
                temp                                 4B       4B        1        1       1
                mediumconst                        7EAC     7EAC      154     3F56       0
                text72                             2A6A     2A6A        4        4       0
                text71                             13D0     13D0      10A        4       0
                text70                             1AA0     1AA0       B0        4       0
                text69                             2A32     2A32       12        4       0
                text68                             14DA     14DA       F6        4       0
                text67                             2268     2268       70        4       0
                text65                             2938     2938       24        4       0
                text64                             21F2     21F2       76        4       0
                text63                             1068     1068      134        4       0
                text62                             2A20     2A20       12        4       0
                text61                             28C4     28C4       28        4       0
                text60                             29F8     29F8       16        4       0
                text59                             29E2     29E2       16        4       0
                text58                             280C     280C       32        4       0
                text57                             2A54     2A54       10        4       0
                text56                             1F2A     1F2A       94        4       0
                text55                             119C     119C      128        4       0
                text54                             27D8     27D8       34        4       0
                text53                             29CC     29CC       16        4       0
                text52                             2A44     2A44       10        4       0
                text51                             24D8     24D8       56        4       0
                text50                              A40      A40      1B2        4       0
                text49                             12C4     12C4      10C        4       0
                text48                             193C     193C       B4        4       0
                text47                             22D8     22D8       6E        4       0
                text46                             27A4     27A4       34        4       0
                text45                             2A0E     2A0E       12        4       0
                text44                             1FBE     1FBE       92        4       0
                text43                             1D50     1D50       A2        4       0
                text42                             15D0     15D0       F4        4       0
                text41                             216A     216A       88        4       0
                text40                             2898     2898       2C        4       0
                text39                             29B2     29B2       1A        4       0
                text38                             283E     283E       2E        4       0
                text37                             295C     295C       22        4       0
                text36                             2478     2478       60        4       0
                text35                               9A       9A      3B8        4       0
                text34                             1CAA     1CAA       A6        4       0
                text33                             17B2     17B2       C6        4       0
                text32                             2418     2418       60        4       0
                text31                             286C     286C       2C        4       0
                text30                             2346     2346       6C        4       0
                text29                             1E92     1E92       98        4       0
                text28                             2998     2998       1A        4       0
                text27                             2770     2770       34        4       0
                text26                             1DF2     1DF2       A0        4       0
                text25                             2578     2578       4A        4       0
                text24                             252E     252E       4A        4       0
                text23                             2912     2912       26        4       0
                text22                             297E     297E       1A        4       0
                text21                             2A64     2A64        6        4       0
                text20                             1878     1878       C4        4       0
                text19                             19F0     19F0       B0        4       0
                text18                             2688     2688       3E        4       0
                text17                             264A     264A       3E        4       0
                text16                             28EC     28EC       26        4       0
                text15                             23B2     23B2       66        4       0
                text14                             16C4     16C4       EE        4       0
                text13                             273A     273A       36        4       0
                text12                             2A6E     2A6E        2        4       0
                text11                             1BFE     1BFE       AC        4       0
                text10                             260A     260A       40        4       0
                text9                              2050     2050       90        4       0
                text8                               F00      F00      168        4       0
                text7                              1B50     1B50       AE        4       0
                text6                               D98      D98      168        4       0
                text5                               7BA      7BA      286        4       0
                text4                              25C2     25C2       48        4       0
                text3                              26C6     26C6       3C        4       0
                text2                               452      452      368        4       0
                text1                              20E0     20E0       8A        4       0
                text0                               BF2      BF2      1A6        4       0
                cstackCOMRAM                          1        1       28        1       1
                cstackBANK0                          60       60       62       60       1
                dataBANK0                            FC       FC        1       60       1
                bssBANK0                             C2       C2       3A       60       1
                bssCOMRAM                            29       29       22        1       1
                cinit                              2702     2702       38        4       0
                idataBANK0                         2A70     2A70        1        4       0

TOTAL           Name                               Link     Load   Length     Space
        CLASS   CODE           
                intcode                               8        8       8E         0
                init                                 96       96        4         0
                reset_vec                             0        0        4         0
                text72                             2A6A     2A6A        4         0
                text71                             13D0     13D0      10A         0
                text70                             1AA0     1AA0       B0         0
                text69                             2A32     2A32       12         0
                text68                             14DA     14DA       F6         0
                text67                             2268     2268       70         0
                text65                             2938     2938       24         0
                text64                             21F2     21F2       76         0
                text63                             1068     1068      134         0
                text62                             2A20     2A20       12         0
                text61                             28C4     28C4       28         0
                text60                             29F8     29F8       16         0
                text59                             29E2     29E2       16         0
                text58                             280C     280C       32         0
                text57                             2A54     2A54       10         0
                text56                             1F2A     1F2A       94         0
                text55                             119C     119C      128         0
                text54                             27D8     27D8       34         0
                text53                             29CC     29CC       16         0
                text52                             2A44     2A44       10         0
                text51                             24D8     24D8       56         0
                text50                              A40      A40      1B2         0
                text49                             12C4     12C4      10C         0
                text48                             193C     193C       B4         0
                text47                             22D8     22D8       6E         0
                text46                             27A4     27A4       34         0
                text45                             2A0E     2A0E       12         0
                text44                             1FBE     1FBE       92         0
                text43                             1D50     1D50       A2         0
                text42                             15D0     15D0       F4         0
                text41                             216A     216A       88         0
                text40                             2898     2898       2C         0
                text39                             29B2     29B2       1A         0
                text38                             283E     283E       2E         0
                text37                             295C     295C       22         0
                text36                             2478     2478       60         0
                text35                               9A       9A      3B8         0
                text34                             1CAA     1CAA       A6         0
                text33                             17B2     17B2       C6         0
                text32                             2418     2418       60         0
                text31                             286C     286C       2C         0
                text30                             2346     2346       6C         0
                text29                             1E92     1E92       98         0
                text28                             2998     2998       1A         0
                text27                             2770     2770       34         0
                text26                             1DF2     1DF2       A0         0
                text25                             2578     2578       4A         0
                text24                             252E     252E       4A         0
                text23                             2912     2912       26         0
                text22                             297E     297E       1A         0
                text21                             2A64     2A64        6         0
                text20                             1878     1878       C4         0
                text19                             19F0     19F0       B0         0
                text18                             2688     2688       3E         0
                text17                             264A     264A       3E         0
                text16                             28EC     28EC       26         0
                text15                             23B2     23B2       66         0
                text14                             16C4     16C4       EE         0
                text13                             273A     273A       36         0
                text12                             2A6E     2A6E        2         0
                text11                             1BFE     1BFE       AC         0
                text10                             260A     260A       40         0
                text9                              2050     2050       90         0
                text8                               F00      F00      168         0
                text7                              1B50     1B50       AE         0
                text6                               D98      D98      168         0
                text5                               7BA      7BA      286         0
                text4                              25C2     25C2       48         0
                text3                              26C6     26C6       3C         0
                text2                               452      452      368         0
                text1                              20E0     20E0       8A         0
                text0                               BF2      BF2      1A6         0
                cinit                              2702     2702       38         0
                idataBANK0                         2A70     2A70        1         0

        CLASS   CONST          

        CLASS   SMALLCONST     

        CLASS   MEDIUMCONST    
                mediumconst                        7EAC     7EAC      154         0

        CLASS   COMRAM         
                temp                                 4B       4B        1         1
                cstackCOMRAM                          1        1       28         1
                bssCOMRAM                            29       29       22         1

        CLASS   ABS1           

        CLASS   BIGRAM         

        CLASS   RAM            

        CLASS   BANK0          
                cstackBANK0                          60       60       62         1
                dataBANK0                            FC       FC        1         1
                bssBANK0                             C2       C2       3A         1

        CLASS   BANK1          

        CLASS   BANK2          

        CLASS   BANK3          

        CLASS   BANK4          

        CLASS   BANK5          

        CLASS   SFR            

        CLASS   BIGSFR         

        CLASS   CONFIG         
                config                           300000   300000        E         4

        CLASS   IDLOC          

        CLASS   EEDATA         

        CLASS   FARRAM         

        CLASS   HEAP           

        CLASS   STACK          



SEGMENTS        Name                           Load    Length   Top    Selector   Space  Class

                reset_vec                      000000  000004  000004         0       0  CODE    
                cstackCOMRAM                   000001  00004B  00004C         1       1  COMRAM  
                intcode                        000008  002A69  002A71         4       0  CODE    
                cstackBANK0                    000060  00009D  0000FD        60       1  BANK0   
                mediumconst                    007EAC  000154  008000      3F56       0  MEDIUMCO


UNUSED ADDRESS RANGES

        Name                Unused          Largest block    Delta
        BANK0            0000FD-0000FF                3
        BANK1            000100-0001FF              100
        BANK2            000200-0002FF              100
        BANK3            000300-0003FF              100
        BANK4            000400-0004FF              100
        BANK5            000500-0005FF              100
        BIGRAM           00004C-00005F               14
                         0000FD-0005FF              503
        BIGSFR           000F38-000FFF               C8
        CODE             000004-000007                4
                         002A71-007EAB             543B
        COMRAM           00004C-00005F               14
        CONST            000004-000007                4
                         002A71-007EAB             543B
        EEDATA           F00000-F000FF              100
        IDLOC            200000-200007                8
        MEDIUMCONST      002A71-007EAB             543B
        RAM              0000FD-0005FF              100
        SFR              000F38-000FFF               28
        SMALLCONST       002A71-007EAB              100

                                  Symbol Table

?_LM35_Read_Temp                  cstackBANK0  00006C
?___aldiv                         cstackBANK0  000060
?___awdiv                         cstackBANK0  000060
?___awmod                         cstackBANK0  000060
?___lldiv                         cstackBANK0  000060
?___llmod                         cstackBANK0  000060
?___lmul                          cstackBANK0  000060
?___lwdiv                         cstackBANK0  000060
?___lwmod                         cstackBANK0  000067
?_abs                             cstackBANK0  000066
?_read_prec_or_width              cstackBANK0  000060
?_sprintf                         cstackBANK0  000092
?_vfprintf                        cstackBANK0  00008C
?i2___aldiv                       cstackCOMRAM 000001
Buzzer_Play@tone_index            cstackBANK0  00007E
Buzzer_StartMelody@mel            cstackBANK0  000076
Buzzer_StartTone@duration         cstackBANK0  000070
Buzzer_StartTone@freq             cstackBANK0  00006E
Buzzer_StartTone@pr2_calc         cstackBANK0  000072
Check_Heating_Logic@end_mins      cstackBANK0  00006B
Check_Heating_Logic@now_mins      cstackBANK0  00006D
Check_Heating_Logic@start_mins    cstackBANK0  000069
EEPROM_Load_Settings@check        cstackBANK0  00006D
EEPROM_Load_Settings@s            cstackBANK0  00006C
EEPROM_Save_Settings@s            cstackBANK0  00006B
Get_Button@button                 cstackBANK0  000060
Get_Button@last                   cstackBANK0  000062
Handle_Input@btn                  cstackBANK0  00006E
I2C1_Init_Master@brg              cstackBANK0  000075
I2C1_Init_Master@i2c_hz           cstackBANK0  00006D
I2C1_Read_ACK@v                   cstackBANK0  000061
I2C1_Read_NACK@v                  cstackBANK0  000061
I2C1_Write@b                      cstackBANK0  000061
LCD_Char@dat                      cstackBANK0  000062
LCD_Cmd@cmd                       cstackBANK0  000063
LCD_Nibble@nibble                 cstackBANK0  000061
LCD_Set_Cursor@address            cstackBANK0  000066
LCD_Set_Cursor@col                cstackBANK0  000064
LCD_Set_Cursor@row                cstackBANK0  000065
LCD_String@str                    cstackBANK0  000063
LM35_Read_Temp@adc_val            cstackBANK0  000076
LM35_Read_Temp@temp               cstackBANK0  000072
RTC_Get_Date@b                    cstackBANK0  00006E
RTC_Get_Date@t                    cstackBANK0  00006D
RTC_Get_Time@b                    cstackBANK0  00006E
RTC_Get_Time@t                    cstackBANK0  00006D
RTC_Set_Time@h                    cstackBANK0  00006D
RTC_Set_Time@m                    cstackBANK0  00006B
RTC_Set_Time@s                    cstackBANK0  00006C
Read_Byte@a7_0                    cstackBANK0  000067
Read_Byte@addr10                  cstackBANK0  000063
Read_Byte@devR                    cstackBANK0  000066
Read_Byte@devW                    cstackBANK0  000065
Read_Byte@v                       cstackBANK0  000068
SevenSeg_Update_Value@number      cstackBANK0  00006C
Update_Display@buffer             cstackBANK0  0000AD
Write_Byte@a7_0                   cstackBANK0  000069
Write_Byte@addr10                 cstackBANK0  000063
Write_Byte@data                   cstackBANK0  000065
Write_Byte@devW                   cstackBANK0  00006A
Write_Byte@tries                  cstackBANK0  000067
_ADCON0bits                       (abs)        000FC2
_ADCON1bits                       (abs)        000FC1
_ADCON2bits                       (abs)        000FC0
_ADRESH                           (abs)        000FC4
_ADRESL                           (abs)        000FC3
_ANSELA                           (abs)        000F38
_ANSELB                           (abs)        000F39
_ANSELC                           (abs)        000F3A
_ANSELD                           (abs)        000F3B
_ANSELE                           (abs)        000F3C
_ANSELEbits                       (abs)        000F3C
_Button_Read                      text42       0015D0
_Buzzer_ISR_FrequencyTick         text72       002A6A
_Buzzer_ISR_MelodyTick            text68       0014DA
_Buzzer_Init                      text65       002938
_Buzzer_Play                      text46       0027A4
_Buzzer_StartMelody               text47       0022D8
_Buzzer_StartTone                 text48       00193C
_Buzzer_Stop                      text45       002A0E
_Check_Heating_Logic              text63       001068
_Controls_Init                    text62       002A20
_EEPROM_Load_Settings             text50       000A40
_EEPROM_Save_Settings             text55       00119C
_Get_Button                       text43       001D50
_Handle_Alarm                     text44       001FBE
_Handle_Input                     text35       00009A
_I2C1_Init_Master                 text33       0017B2
_I2C1_Read_ACK                    text27       002770
_I2C1_Read_NACK                   text54       0027D8
_I2C1_Restart                     text53       0029CC
_I2C1_Start                       text60       0029F8
_I2C1_Stop                        text59       0029E2
_I2C1_WaitIdle                    text61       0028C4
_I2C1_Write                       text58       00280C
_INT0_DefaultInterruptHandler     (abs)        000000
_INT0_InterruptHandler            bssCOMRAM    00003F
_INT1_DefaultInterruptHandler     (abs)        000000
_INT1_InterruptHandler            bssCOMRAM    00003D
_INT2_DefaultInterruptHandler     (abs)        000000
_INT2_InterruptHandler            bssCOMRAM    00003B
_INTCON2bits                      (abs)        000FF1
_INTCON3bits                      (abs)        000FF0
_INTCONbits                       (abs)        000FF2
_IOCB                             (abs)        000F62
_ISR                              intcode      000008
_LATA                             (abs)        000F89
_LATB                             (abs)        000F8A
_LATBbits                         (abs)        000F8A
_LATC                             (abs)        000F8B
_LATCbits                         (abs)        000F8B
_LATD                             (abs)        000F8C
_LATE                             (abs)        000F8D
_LATEbits                         (abs)        000F8D
_LCD_Char                         text37       00295C
_LCD_Clear                        text39       0029B2
_LCD_Cmd                          text40       002898
_LCD_Init                         text32       002418
_LCD_Nibble                       text41       00216A
_LCD_Set_Cursor                   text38       00283E
_LCD_String                       text36       002478
_LM35_Init                        text31       00286C
_LM35_Read_Temp                   text29       001E92
_OSCCON                           (abs)        000FD3
_OSCCON2                          (abs)        000FD2
_OSCCONbits                       (abs)        000FD3
_OSCTUNE                          (abs)        000F9B
_PIE1bits                         (abs)        000F9D
_PIR1bits                         (abs)        000F9E
_PORTCbits                        (abs)        000F82
_PR2                              (abs)        000FBB
_RCONbits                         (abs)        000FD0
_RTC_Get_Date                     text25       002578
_RTC_Get_Time                     text24       00252E
_RTC_Init                         text21       002A64
_RTC_Set_Time                     text17       00264A
_Read_Byte                        text51       0024D8
_SEG_MAP                          mediumconst  007EAD
_SSP1ADD                          (abs)        000FC8
_SSP1BUF                          (abs)        000FC9
_SSP1CON1                         (abs)        000FC6
_SSP1CON2                         (abs)        000FC5
_SSP1STAT                         (abs)        000FC7
_SevenSeg_ISR_Handler             text67       002268
_SevenSeg_Init                    text16       0028EC
_SevenSeg_Update_Value            text14       0016C4
_T0CONbits                        (abs)        000FD5
_T1CON                            (abs)        000FCD
_T2CON                            (abs)        000FBA
_T2CONbits                        (abs)        000FBA
_TMR0H                            (abs)        000FD7
_TMR0L                            (abs)        000FD6
_TMR1                             (abs)        000FCE
_TMR1H                            (abs)        000FCF
_TMR1L                            (abs)        000FCE
_TMR2                             (abs)        000FBC
_TRISA                            (abs)        000F92
_TRISB                            (abs)        000F93
_TRISC                            (abs)        000F94
_TRISCbits                        (abs)        000F94
_TRISD                            (abs)        000F95
_TRISE                            (abs)        000F96
_TRISEbits                        (abs)        000F96
_Update_Display                   text2        000452
_Update_Display$697               cstackBANK0  0000BE
_Update_Display$698               cstackBANK0  0000C0
_WPUB                             (abs)        000F61
_Write_Byte                       text56       001F2A
__HRAM                            (abs)        000000
__H__absolute__                   __absolute__ 000000
__Habs1                           abs1         000000
__Hbank0                          bank0        000000
__Hbank1                          bank1        000000
__Hbank2                          bank2        000000
__Hbank3                          bank3        000000
__Hbank4                          bank4        000000
__Hbank5                          bank5        000000
__Hbigbss                         bigbss       000000
__Hbigdata                        bigdata      000000
__Hbigram                         bigram       000000
__Hbigsfr                         bigsfr       000000
__Hbss                            bss          000000
__HbssBANK0                       bssBANK0     000000
__HbssCOMRAM                      bssCOMRAM    000000
__Hcinit                          cinit        000000
__Hclrtext                        clrtext      000000
__Hcomram                         comram       000000
__Hconfig                         config       30000E
__Hconst                          const        000000
__HcstackBANK0                    cstackBANK0  000000
__HcstackCOMRAM                   cstackCOMRAM 000000
__Hdata                           data         000000
__HdataBANK0                      dataBANK0    000000
__Heeprom_data                    eeprom_data  000000
__Hfarbss                         farbss       000000
__Hfardata                        fardata      000000
__Hheap                           heap         000000
__Hibigdata                       ibigdata     000000
__Hidata                          idata        000000
__HidataBANK0                     idataBANK0   000000
__Hidloc                          idloc        000000
__Hifardata                       ifardata     000000
__Hinit                           init         00009A
__Hintcode                        intcode      000096
__Hintcode_body                   intcode_body 000000
__Hintcodelo                      intcodelo    000018
__Hintentry                       intentry     000000
__Hintret                         intret       000000
__Hintsave_regs                   intsave_regs 000000
__Hirdata                         irdata       000000
__Hmediumconst                    mediumconst  008000
__HnvFARRAM                       nvFARRAM     000000
__Hnvbit                          nvbit        000000
__Hnvrram                         nvrram       000000
__Hparam                          rparam       000000
__Hpowerup                        powerup      000000
__Hram                            ram          000000
__Hramtop                         ramtop       000600
__Hrbit                           rbit         000000
__Hrbss                           rbss         000000
__Hrdata                          rdata        000000
__Hreset_vec                      reset_vec    000004
__Hrparam                         rparam       000000
__Hsfr                            sfr          000000
__Hsivt_hi                        sivt_hi      000000
__Hsivt_lo                        sivt_lo      000018
__Hsmallconst                     smallconst   000000
__Hspace_0                        (abs)        008000
__Hspace_1                        (abs)        0000FD
__Hspace_2                        (abs)        000000
__Hspace_4                        (abs)        60000E
__Hstack                          stack        000000
__Hstruct                         struct       000000
__Htemp                           temp         00004C
__Htext                           text         000000
__Htext0                          text0        000000
__Htext1                          text1        000000
__Htext10                         text10       000000
__Htext11                         text11       000000
__Htext12                         text12       000000
__Htext13                         text13       000000
__Htext14                         text14       000000
__Htext15                         text15       000000
__Htext16                         text16       000000
__Htext17                         text17       000000
__Htext18                         text18       000000
__Htext19                         text19       000000
__Htext2                          text2        000000
__Htext20                         text20       000000
__Htext21                         text21       000000
__Htext22                         text22       000000
__Htext23                         text23       000000
__Htext24                         text24       000000
__Htext25                         text25       000000
__Htext26                         text26       000000
__Htext27                         text27       000000
__Htext28                         text28       000000
__Htext29                         text29       000000
__Htext3                          text3        000000
__Htext30                         text30       000000
__Htext31                         text31       000000
__Htext32                         text32       000000
__Htext33                         text33       000000
__Htext34                         text34       000000
__Htext35                         text35       000000
__Htext36                         text36       000000
__Htext37                         text37       000000
__Htext38                         text38       000000
__Htext39                         text39       000000
__Htext4                          text4        000000
__Htext40                         text40       000000
__Htext41                         text41       000000
__Htext42                         text42       000000
__Htext43                         text43       000000
__Htext44                         text44       000000
__Htext45                         text45       000000
__Htext46                         text46       000000
__Htext47                         text47       000000
__Htext48                         text48       000000
__Htext49                         text49       000000
__Htext5                          text5        000000
__Htext50                         text50       000000
__Htext51                         text51       000000
__Htext52                         text52       000000
__Htext53                         text53       000000
__Htext54                         text54       000000
__Htext55                         text55       000000
__Htext56                         text56       000000
__Htext57                         text57       000000
__Htext58                         text58       000000
__Htext59                         text59       000000
__Htext6                          text6        000000
__Htext60                         text60       000000
__Htext61                         text61       000000
__Htext62                         text62       000000
__Htext63                         text63       000000
__Htext64                         text64       000000
__Htext65                         text65       000000
__Htext67                         text67       000000
__Htext68                         text68       000000
__Htext69                         text69       000000
__Htext7                          text7        000000
__Htext70                         text70       000000
__Htext71                         text71       000000
__Htext72                         text72       000000
__Htext8                          text8        000000
__Htext9                          text9        000000
__LRAM                            (abs)        000001
__L__absolute__                   __absolute__ 000000
__Labs1                           abs1         000000
__Lbank0                          bank0        000000
__Lbank1                          bank1        000000
__Lbank2                          bank2        000000
__Lbank3                          bank3        000000
__Lbank4                          bank4        000000
__Lbank5                          bank5        000000
__Lbigbss                         bigbss       000000
__Lbigdata                        bigdata      000000
__Lbigram                         bigram       000000
__Lbigsfr                         bigsfr       000000
__Lbss                            bss          000000
__LbssBANK0                       bssBANK0     000000
__LbssCOMRAM                      bssCOMRAM    000000
__Lcinit                          cinit        000000
__Lclrtext                        clrtext      000000
__Lcomram                         comram       000000
__Lconfig                         config       000000
__Lconst                          const        000000
__LcstackBANK0                    cstackBANK0  000000
__LcstackCOMRAM                   cstackCOMRAM 000000
__Ldata                           data         000000
__LdataBANK0                      dataBANK0    000000
__Leeprom_data                    eeprom_data  000000
__Lfarbss                         farbss       000000
__Lfardata                        fardata      000000
__Lheap                           heap         000000
__Libigdata                       ibigdata     000000
__Lidata                          idata        000000
__LidataBANK0                     idataBANK0   000000
__Lidloc                          idloc        000000
__Lifardata                       ifardata     000000
__Linit                           init         000096
__Lintcode                        intcode      000008
__Lintcode_body                   intcode_body 000000
__Lintcodelo                      intcodelo    000018
__Lintentry                       intentry     000000
__Lintret                         intret       000000
__Lintsave_regs                   intsave_regs 000000
__Lirdata                         irdata       000000
__Lmediumconst                    mediumconst  007EAC
__LnvFARRAM                       nvFARRAM     000000
__Lnvbit                          nvbit        000000
__Lnvrram                         nvrram       000000
__Lparam                          rparam       000000
__Lpowerup                        powerup      000000
__Lram                            ram          000000
__Lramtop                         ramtop       000600
__Lrbit                           rbit         000000
__Lrbss                           rbss         000000
__Lrdata                          rdata        000000
__Lreset_vec                      reset_vec    000000
__Lrparam                         rparam       000000
__Lsfr                            sfr          000000
__Lsivt_hi                        sivt_hi      000000
__Lsivt_lo                        sivt_lo      000018
__Lsmallconst                     smallconst   000000
__Lspace_0                        (abs)        000000
__Lspace_1                        (abs)        000000
__Lspace_2                        (abs)        000000
__Lspace_4                        (abs)        000000
__Lstack                          stack        000000
__Lstruct                         struct       000000
__Ltemp                           temp         00004B
__Ltext                           text         000000
__Ltext0                          text0        000000
__Ltext1                          text1        000000
__Ltext10                         text10       000000
__Ltext11                         text11       000000
__Ltext12                         text12       000000
__Ltext13                         text13       000000
__Ltext14                         text14       000000
__Ltext15                         text15       000000
__Ltext16                         text16       000000
__Ltext17                         text17       000000
__Ltext18                         text18       000000
__Ltext19                         text19       000000
__Ltext2                          text2        000000
__Ltext20                         text20       000000
__Ltext21                         text21       000000
__Ltext22                         text22       000000
__Ltext23                         text23       000000
__Ltext24                         text24       000000
__Ltext25                         text25       000000
__Ltext26                         text26       000000
__Ltext27                         text27       000000
__Ltext28                         text28       000000
__Ltext29                         text29       000000
__Ltext3                          text3        000000
__Ltext30                         text30       000000
__Ltext31                         text31       000000
__Ltext32                         text32       000000
__Ltext33                         text33       000000
__Ltext34                         text34       000000
__Ltext35                         text35       000000
__Ltext36                         text36       000000
__Ltext37                         text37       000000
__Ltext38                         text38       000000
__Ltext39                         text39       000000
__Ltext4                          text4        000000
__Ltext40                         text40       000000
__Ltext41                         text41       000000
__Ltext42                         text42       000000
__Ltext43                         text43       000000
__Ltext44                         text44       000000
__Ltext45                         text45       000000
__Ltext46                         text46       000000
__Ltext47                         text47       000000
__Ltext48                         text48       000000
__Ltext49                         text49       000000
__Ltext5                          text5        000000
__Ltext50                         text50       000000
__Ltext51                         text51       000000
__Ltext52                         text52       000000
__Ltext53                         text53       000000
__Ltext54                         text54       000000
__Ltext55                         text55       000000
__Ltext56                         text56       000000
__Ltext57                         text57       000000
__Ltext58                         text58       000000
__Ltext59                         text59       000000
__Ltext6                          text6        000000
__Ltext60                         text60       000000
__Ltext61                         text61       000000
__Ltext62                         text62       000000
__Ltext63                         text63       000000
__Ltext64                         text64       000000
__Ltext65                         text65       000000
__Ltext67                         text67       000000
__Ltext68                         text68       000000
__Ltext69                         text69       000000
__Ltext7                          text7        000000
__Ltext70                         text70       000000
__Ltext71                         text71       000000
__Ltext72                         text72       000000
__Ltext8                          text8        000000
__Ltext9                          text9        000000
__S0                              (abs)        008000
__S1                              (abs)        0000FD
__S4                              (abs)        000000
__S5                              (abs)        000000
___aldiv                          text49       0012C4
___aldiv@counter                  cstackBANK0  000068
___aldiv@dividend                 cstackBANK0  000060
___aldiv@divisor                  cstackBANK0  000064
___aldiv@quotient                 cstackBANK0  00006A
___aldiv@sign                     cstackBANK0  000069
___awdiv                          text20       001878
___awdiv@counter                  cstackBANK0  000064
___awdiv@dividend                 cstackBANK0  000060
___awdiv@divisor                  cstackBANK0  000062
___awdiv@quotient                 cstackBANK0  000066
___awdiv@sign                     cstackBANK0  000065
___awmod                          text19       0019F0
___awmod@counter                  cstackBANK0  000064
___awmod@dividend                 cstackBANK0  000060
___awmod@divisor                  cstackBANK0  000062
___awmod@sign                     cstackBANK0  000065
___heap_hi                        (abs)        000000
___heap_lo                        (abs)        000000
___inthi_sp                       stack        000000
___inthi_stack_hi                 stack        000000
___inthi_stack_lo                 stack        000000
___intlo_sp                       stack        000000
___intlo_stack_hi                 stack        000000
___intlo_stack_lo                 stack        000000
___lldiv                          text34       001CAA
___lldiv@counter                  cstackBANK0  00006C
___lldiv@dividend                 cstackBANK0  000060
___lldiv@divisor                  cstackBANK0  000064
___lldiv@quotient                 cstackBANK0  000068
___llmod                          text1        0020E0
___llmod@counter                  cstackBANK0  000068
___llmod@dividend                 cstackBANK0  000060
___llmod@divisor                  cstackBANK0  000064
___lmul                           text30       002346
___lmul@multiplicand              cstackBANK0  000064
___lmul@multiplier                cstackBANK0  000060
___lmul@product                   cstackBANK0  000068
___lwdiv                          text64       0021F2
___lwdiv@counter                  cstackBANK0  000064
___lwdiv@dividend                 cstackBANK0  000060
___lwdiv@divisor                  cstackBANK0  000062
___lwdiv@quotient                 cstackBANK0  000065
___lwmod                          text15       0023B2
___lwmod@counter                  cstackBANK0  00006B
___lwmod@dividend                 cstackBANK0  000067
___lwmod@divisor                  cstackBANK0  000069
___param_bank                     (abs)        000000
___rparam_used                    (abs)        000001
___sp                             stack        000000
___stack_hi                       stack        000000
___stack_lo                       stack        000000
__accesstop                       (abs)        000060
__activetblptr                    (abs)        000002
__end_of_Button_Read              text42       0016C4
__end_of_Buzzer_ISR_FrequencyTick text72       002A6E
__end_of_Buzzer_ISR_MelodyTick    text68       0015D0
__end_of_Buzzer_Init              text65       00295C
__end_of_Buzzer_Play              text46       0027D8
__end_of_Buzzer_StartMelody       text47       002346
__end_of_Buzzer_StartTone         text48       0019F0
__end_of_Buzzer_Stop              text45       002A20
__end_of_Check_Heating_Logic      text63       00119C
__end_of_Controls_Init            text62       002A32
__end_of_EEPROM_Load_Settings     text50       000BF2
__end_of_EEPROM_Save_Settings     text55       0012C4
__end_of_Get_Button               text43       001DF2
__end_of_Handle_Alarm             text44       002050
__end_of_Handle_Input             text35       000452
__end_of_I2C1_Init_Master         text33       001878
__end_of_I2C1_Read_ACK            text27       0027A4
__end_of_I2C1_Read_NACK           text54       00280C
__end_of_I2C1_Restart             text53       0029E2
__end_of_I2C1_Start               text60       002A0E
__end_of_I2C1_Stop                text59       0029F8
__end_of_I2C1_WaitIdle            text61       0028EC
__end_of_I2C1_Write               text58       00283E
__end_of_ISR                      intcode      000096
__end_of_LCD_Char                 text37       00297E
__end_of_LCD_Clear                text39       0029CC
__end_of_LCD_Cmd                  text40       0028C4
__end_of_LCD_Init                 text32       002478
__end_of_LCD_Nibble               text41       0021F2
__end_of_LCD_Set_Cursor           text38       00286C
__end_of_LCD_String               text36       0024D8
__end_of_LM35_Init                text31       002898
__end_of_LM35_Read_Temp           text29       001F2A
__end_of_RTC_Get_Date             text25       0025C2
__end_of_RTC_Get_Time             text24       002578
__end_of_RTC_Init                 text21       002A6A
__end_of_RTC_Set_Time             text17       002688
__end_of_Read_Byte                text51       00252E
__end_of_SEG_MAP                  mediumconst  007EB7
__end_of_SevenSeg_ISR_Handler     text67       0022D8
__end_of_SevenSeg_Init            text16       002912
__end_of_SevenSeg_Update_Value    text14       0017B2
__end_of_Update_Display           text2        0007BA
__end_of_Write_Byte               text56       001FBE
__end_of___aldiv                  text49       0013D0
__end_of___awdiv                  text20       00193C
__end_of___awmod                  text19       001AA0
__end_of___lldiv                  text34       001D50
__end_of___llmod                  text1        00216A
__end_of___lmul                   text30       0023B2
__end_of___lwdiv                  text64       002268
__end_of___lwmod                  text15       002418
__end_of__initialization          cinit        00272C
__end_of_abs                      text13       002770
__end_of_alarm_durs               mediumconst  007EC3
__end_of_alarm_notes              mediumconst  007ECF
__end_of_bcd_to_dec               text28       0029B2
__end_of_beep_durs                mediumconst  007EDB
__end_of_beep_notes               mediumconst  007EDD
__end_of_dec_to_bcd               text18       0026C6
__end_of_dtoa                     text8        001068
__end_of_fputc                    text11       001CAA
__end_of_fputs                    text10       00264A
__end_of_m24c08_devsel_read       text52       002A54
__end_of_m24c08_devsel_write      text57       002A64
__end_of_main                     text0        000D98
__end_of_melody_alarm             mediumconst  007ED9
__end_of_melody_beep              mediumconst  007ED4
__end_of_pad                      text9        0020E0
__end_of_putch                    text12       002A70
__end_of_read_prec_or_width       text7        001BFE
__end_of_rtc16_default_cfg        text22       002998
__end_of_rtc16_read_regs          text26       001E92
__end_of_rtc16_write_reg          text23       002938
__end_of_sprintf                  text3        002702
__end_of_stoa                     text6        000F00
__end_of_vfpfcnvrt                text5        000A40
__end_of_vfprintf                 text4        00260A
__end_ofi2_Buzzer_StartTone       text70       001B50
__end_ofi2_Buzzer_Stop            text69       002A44
__end_ofi2___aldiv                text71       0014DA
__initialization                  cinit        002702
__mediumconst                     mediumconst  007EAC
__pbssBANK0                       bssBANK0     0000C2
__pbssCOMRAM                      bssCOMRAM    000029
__pcinit                          cinit        002702
__pcstackBANK0                    cstackBANK0  000060
__pcstackCOMRAM                   cstackCOMRAM 000001
__pdataBANK0                      dataBANK0    0000FC
__pidataBANK0                     idataBANK0   002A70
__pintcode                        intcode      000008
__pmediumconst                    mediumconst  007EAC
__ptext0                          text0        000BF2
__ptext1                          text1        0020E0
__ptext10                         text10       00260A
__ptext11                         text11       001BFE
__ptext12                         text12       002A6E
__ptext13                         text13       00273A
__ptext14                         text14       0016C4
__ptext15                         text15       0023B2
__ptext16                         text16       0028EC
__ptext17                         text17       00264A
__ptext18                         text18       002688
__ptext19                         text19       0019F0
__ptext2                          text2        000452
__ptext20                         text20       001878
__ptext21                         text21       002A64
__ptext22                         text22       00297E
__ptext23                         text23       002912
__ptext24                         text24       00252E
__ptext25                         text25       002578
__ptext26                         text26       001DF2
__ptext27                         text27       002770
__ptext28                         text28       002998
__ptext29                         text29       001E92
__ptext3                          text3        0026C6
__ptext30                         text30       002346
__ptext31                         text31       00286C
__ptext32                         text32       002418
__ptext33                         text33       0017B2
__ptext34                         text34       001CAA
__ptext35                         text35       00009A
__ptext36                         text36       002478
__ptext37                         text37       00295C
__ptext38                         text38       00283E
__ptext39                         text39       0029B2
__ptext4                          text4        0025C2
__ptext40                         text40       002898
__ptext41                         text41       00216A
__ptext42                         text42       0015D0
__ptext43                         text43       001D50
__ptext44                         text44       001FBE
__ptext45                         text45       002A0E
__ptext46                         text46       0027A4
__ptext47                         text47       0022D8
__ptext48                         text48       00193C
__ptext49                         text49       0012C4
__ptext5                          text5        0007BA
__ptext50                         text50       000A40
__ptext51                         text51       0024D8
__ptext52                         text52       002A44
__ptext53                         text53       0029CC
__ptext54                         text54       0027D8
__ptext55                         text55       00119C
__ptext56                         text56       001F2A
__ptext57                         text57       002A54
__ptext58                         text58       00280C
__ptext59                         text59       0029E2
__ptext6                          text6        000D98
__ptext60                         text60       0029F8
__ptext61                         text61       0028C4
__ptext62                         text62       002A20
__ptext63                         text63       001068
__ptext64                         text64       0021F2
__ptext65                         text65       002938
__ptext67                         text67       002268
__ptext68                         text68       0014DA
__ptext69                         text69       002A32
__ptext7                          text7        001B50
__ptext70                         text70       001AA0
__ptext71                         text71       0013D0
__ptext72                         text72       002A6A
__ptext8                          text8        000F00
__ptext9                          text9        002050
__ramtop                          ramtop       000600
__smallconst                      mediumconst  007EAC
_abs                              text13       00273A
_alarm_active                     bssBANK0     0000CA
_alarm_durs                       mediumconst  007EB7
_alarm_notes                      mediumconst  007EC3
_alarm_played                     bssCOMRAM    000046
_bcd_to_dec                       text28       002998
_beep_durs                        mediumconst  007ED9
_beep_notes                       mediumconst  007EDB
_buzzerActive                     bssCOMRAM    000041
_currentMelody                    bssCOMRAM    000035
_current_date                     bssBANK0     0000F6
_current_digit                    bssCOMRAM    000044
_current_state                    bssBANK0     0000C9
_current_temp_c                   bssBANK0     0000C6
_current_temp_raw                 bssCOMRAM    000039
_current_time                     bssBANK0     0000F9
_dbuf                             bssBANK0     0000CC
_dec_to_bcd                       text18       002688
_digits                           bssCOMRAM    000029
_dtoa                             text8        000F00
_dtoa$2145                        cstackBANK0  000077
_flags                            bssBANK0     0000C8
_fputc                            text11       001BFE
_fputs                            text10       00260A
_heater_state                     bssBANK0     0000CB
_last_btn_back                    bssCOMRAM    000047
_last_btn_down                    bssCOMRAM    000049
_last_btn_enter                   bssCOMRAM    000048
_last_btn_up                      bssCOMRAM    00004A
_last_check                       bssCOMRAM    00002D
_last_drawn_state                 dataBANK0    0000FC
_m24c08_devsel_read               text52       002A44
_m24c08_devsel_write              text57       002A54
_main                             text0        000BF2
_melody_alarm                     mediumconst  007ED4
_melody_beep                      mediumconst  007ECF
_melody_timer_flag                bssCOMRAM    000043
_noteIndex                        bssCOMRAM    000042
_pad                              text9        002050
_prec                             bssBANK0     0000C4
_putch                            text12       002A6E
_read_prec_or_width               text7        001B50
_rtc16_default_cfg                text22       00297E
_rtc16_read_regs                  text26       001DF2
_rtc16_read_regs$1101             cstackBANK0  00006A
_rtc16_write_reg                  text23       002912
_settings                         bssBANK0     0000EC
_sprintf                          text3        0026C6
_stoa                             text6        000D98
_system_ticks                     bssCOMRAM    000031
_tone_timer                       bssCOMRAM    000037
_vfpfcnvrt                        text5        0007BA
_vfprintf                         text4        0025C2
_width                            bssBANK0     0000C2
abs@a                             cstackBANK0  000066
bcd_to_dec@b                      cstackBANK0  000061
btemp                             temp         00004B
dec_to_bcd@d                      cstackBANK0  00006A
dtoa@d                            cstackBANK0  000075
dtoa@fp                           cstackBANK0  000074
dtoa@i                            cstackBANK0  00007D
dtoa@p                            cstackBANK0  000079
dtoa@s                            cstackBANK0  00007C
dtoa@w                            cstackBANK0  00007A
end_of_initialization             cinit        00272C
fputc@c                           cstackBANK0  000060
fputc@fp                          cstackBANK0  000062
fputs@c                           cstackBANK0  00006A
fputs@fp                          cstackBANK0  000069
fputs@i                           cstackBANK0  00006B
fputs@s                           cstackBANK0  000068
i2Buzzer_StartTone@duration       cstackCOMRAM 000011
i2Buzzer_StartTone@freq           cstackCOMRAM 00000F
i2Buzzer_StartTone@pr2_calc       cstackCOMRAM 000013
i2_Buzzer_StartTone               text70       001AA0
i2_Buzzer_Stop                    text69       002A32
i2___aldiv                        text71       0013D0
i2___aldiv@counter                cstackCOMRAM 000009
i2___aldiv@dividend               cstackCOMRAM 000001
i2___aldiv@divisor                cstackCOMRAM 000005
i2___aldiv@quotient               cstackCOMRAM 00000B
i2___aldiv@sign                   cstackCOMRAM 00000A
int$flags                         temp         00004B
intlevel0                         text         000000
intlevel1                         text         000000
intlevel2                         text         000000
intlevel3                         text         000000
isa$std                           (abs)        000001
isa$xinst                         (abs)        000000
m24c08_devsel_read@a9a8           cstackBANK0  000062
m24c08_devsel_read@addr10         cstackBANK0  000060
m24c08_devsel_write@a9a8          cstackBANK0  000062
m24c08_devsel_write@addr10        cstackBANK0  000060
pad@buf                           cstackBANK0  00006E
pad@fp                            cstackBANK0  00006D
pad@i                             cstackBANK0  000072
pad@p                             cstackBANK0  00006F
read_prec_or_width@ap             cstackBANK0  000061
read_prec_or_width@c              cstackBANK0  000064
read_prec_or_width@fmt            cstackBANK0  000060
read_prec_or_width@n              cstackBANK0  000065
rtc16_read_regs@buf               cstackBANK0  000062
rtc16_read_regs@i                 cstackBANK0  00006C
rtc16_read_regs@len               cstackBANK0  000063
rtc16_read_regs@reg               cstackBANK0  000069
rtc16_write_reg@reg               cstackBANK0  000063
rtc16_write_reg@val               cstackBANK0  000062
sprintf@ap                        cstackBANK0  00009F
sprintf@f                         cstackBANK0  0000A0
sprintf@fmt                       cstackBANK0  000093
sprintf@s                         cstackBANK0  000092
stackhi                           (abs)        000000
stacklo                           (abs)        000000
start                             init         000096
start_initialization              cinit        002702
stoa@cp                           cstackBANK0  000071
stoa@fp                           cstackBANK0  000068
stoa@l                            cstackBANK0  000073
stoa@p                            cstackBANK0  00006D
stoa@s                            cstackBANK0  000069
stoa@w                            cstackBANK0  00006F
ttemp5                            temp         00004C
ttemp6                            temp         00004F
ttemp7                            temp         000053
vfpfcnvrt@ap                      cstackBANK0  000081
vfpfcnvrt@convarg                 cstackBANK0  000085
vfpfcnvrt@cp                      cstackBANK0  000089
vfpfcnvrt@done                    cstackBANK0  00008B
vfpfcnvrt@fmt                     cstackBANK0  000080
vfpfcnvrt@fp                      cstackBANK0  00007F
vfprintf@ap                       cstackBANK0  00008F
vfprintf@cfmt                     cstackBANK0  000090
vfprintf@fmt                      cstackBANK0  00008D
vfprintf@fp                       cstackBANK0  00008C
wtemp8                            temp         00004C


MODULE INFORMATION

Module		Function		Class		Link	Load	Size
C:\Program Files\Microchip\xc8\v3.00\pic\sources\c99\common\abs.c
		_abs           		CODE           	273A	0000	54

C:\Program Files\Microchip\xc8\v3.00\pic\sources\c99\common\abs.c estimated size: 54

C:\Program Files\Microchip\xc8\v3.00\pic\sources\c99\common\nf_fputc.c
		_fputc         		CODE           	1BFE	0000	172

C:\Program Files\Microchip\xc8\v3.00\pic\sources\c99\common\nf_fputc.c estimated size: 172

buzzer.c
		_Buzzer_Init   		CODE           	2938	0000	36
		_Buzzer_Play   		CODE           	27A4	0000	52
		_Buzzer_Stop   		CODE           	2A0E	0000	18
		_Buzzer_StartTone		CODE           	193C	0000	180
		_Buzzer_ISR_MelodyTick		CODE           	14DA	0000	246
		_Buzzer_StartMelody		CODE           	22D8	0000	110
		_Buzzer_ISR_FrequencyTick		CODE           	2A6A	0000	4

buzzer.c estimated size: 646

sevenseg.c
		_SevenSeg_Update_Value		CODE           	16C4	0000	238
		_SevenSeg_ISR_Handler		CODE           	2268	0000	112
		_SevenSeg_Init 		CODE           	28EC	0000	38

sevenseg.c estimated size: 388

C:\Program Files\Microchip\xc8\v3.00\pic\sources\c99\common\nf_sprintf.c
		_sprintf       		CODE           	26C6	0000	60

C:\Program Files\Microchip\xc8\v3.00\pic\sources\c99\common\nf_sprintf.c estimated size: 60

i2c.c
		_I2C1_Restart  		CODE           	29CC	0000	22
		_I2C1_Read_ACK 		CODE           	2770	0000	52
		_I2C1_WaitIdle 		CODE           	28C4	0000	40
		_I2C1_Read_NACK		CODE           	27D8	0000	52
		_I2C1_Init_Master		CODE           	17B2	0000	198
		_I2C1_Stop     		CODE           	29E2	0000	22
		_I2C1_Write    		CODE           	280C	0000	50
		_I2C1_Start    		CODE           	29F8	0000	22

i2c.c estimated size: 458

buttons.c
		_Controls_Init 		CODE           	2A20	0000	18
		_Button_Read   		CODE           	15D0	0000	244
		_Get_Button    		CODE           	1D50	0000	162

buttons.c estimated size: 424

eeprom.c
		_m24c08_devsel_write		CODE           	2A54	0000	16
		_Read_Byte     		CODE           	24D8	0000	86
		_EEPROM_Load_Settings		CODE           	0A40	0000	434
		_EEPROM_Save_Settings		CODE           	119C	0000	296
		_m24c08_devsel_read		CODE           	2A44	0000	16
		_Write_Byte    		CODE           	1F2A	0000	148

eeprom.c estimated size: 996

C:\Program Files\Microchip\xc8\v3.00\pic\sources\c99\common\lwmod.c
		___lwmod       		CODE           	23B2	0000	102

C:\Program Files\Microchip\xc8\v3.00\pic\sources\c99\common\lwmod.c estimated size: 102

C:\Program Files\Microchip\xc8\v3.00\pic\sources\c99\common\awmod.c
		___awmod       		CODE           	19F0	0000	176

C:\Program Files\Microchip\xc8\v3.00\pic\sources\c99\common\awmod.c estimated size: 176

C:\Program Files\Microchip\xc8\v3.00\pic\sources\c99\common\putch.c
		_putch         		CODE           	2A6E	0000	2

C:\Program Files\Microchip\xc8\v3.00\pic\sources\c99\common\putch.c estimated size: 2

C:\Program Files\Microchip\xc8\v3.00\pic\sources\c99\common\llmod.c
		___llmod       		CODE           	20E0	0000	138

C:\Program Files\Microchip\xc8\v3.00\pic\sources\c99\common\llmod.c estimated size: 138

C:\Program Files\Microchip\xc8\v3.00\pic\sources\c99\common\Umul32.c
		___lmul        		CODE           	2346	0000	108

C:\Program Files\Microchip\xc8\v3.00\pic\sources\c99\common\Umul32.c estimated size: 108

C:\Program Files\Microchip\xc8\v3.00\pic\sources\c99\common\__lldiv.c
		___lldiv       		CODE           	1CAA	0000	166

C:\Program Files\Microchip\xc8\v3.00\pic\sources\c99\common\__lldiv.c estimated size: 166

shared
		i2_Buzzer_Stop 		CODE           	2A32	0000	18
		_SEG_MAP       		MEDIUMCONST    	7EAD	0000	10
		__initialization		CODE           	2702	0000	42
		_beep_durs     		MEDIUMCONST    	7ED9	0000	2
		i2_Buzzer_StartTone		CODE           	1AA0	0000	176
		_alarm_notes   		MEDIUMCONST    	7EC3	0000	12
		i2___aldiv     		CODE           	13D0	0000	266
		_alarm_durs    		MEDIUMCONST    	7EB7	0000	12
		_melody_beep   		MEDIUMCONST    	7ECF	0000	5
		_beep_notes    		MEDIUMCONST    	7EDB	0000	2
		_melody_alarm  		MEDIUMCONST    	7ED4	0000	5

shared estimated size: 550

C:\Program Files\Microchip\xc8\v3.00\pic\sources\c99\common\nf_fputs.c
		_fputs         		CODE           	260A	0000	64

C:\Program Files\Microchip\xc8\v3.00\pic\sources\c99\common\nf_fputs.c estimated size: 64

rtc.c
		_rtc16_default_cfg		CODE           	297E	0000	26
		_bcd_to_dec    		CODE           	2998	0000	26
		_rtc16_read_regs		CODE           	1DF2	0000	160
		_dec_to_bcd    		CODE           	2688	0000	62
		_RTC_Init      		CODE           	2A64	0000	6
		_RTC_Get_Date  		CODE           	2578	0000	74
		_RTC_Get_Time  		CODE           	252E	0000	74
		_rtc16_write_reg		CODE           	2912	0000	38
		_RTC_Set_Time  		CODE           	264A	0000	62

rtc.c estimated size: 528

lcd.c
		_LCD_String    		CODE           	2478	0000	96
		_LCD_Init      		CODE           	2418	0000	96
		_LCD_Cmd       		CODE           	2898	0000	44
		_LCD_Nibble    		CODE           	216A	0000	136
		_LCD_Char      		CODE           	295C	0000	34
		_LCD_Set_Cursor		CODE           	283E	0000	46
		_LCD_Clear     		CODE           	29B2	0000	26

lcd.c estimated size: 478

lm35.c
		_LM35_Init     		CODE           	286C	0000	44
		_LM35_Read_Temp		CODE           	1E92	0000	152

lm35.c estimated size: 196

C:\Program Files\Microchip\xc8\v3.00\pic\sources\c99\common\lwdiv.c
		___lwdiv       		CODE           	21F2	0000	118

C:\Program Files\Microchip\xc8\v3.00\pic\sources\c99\common\lwdiv.c estimated size: 118

C:\Program Files\Microchip\xc8\v3.00\pic\sources\c99\common\awdiv.c
		___awdiv       		CODE           	1878	0000	196

C:\Program Files\Microchip\xc8\v3.00\pic\sources\c99\common\awdiv.c estimated size: 196

main.c
		_Handle_Alarm  		CODE           	1FBE	0000	146
		_Handle_Input  		CODE           	009A	0000	952
		_ISR           		CODE           	0008	0000	142
		_Check_Heating_Logic		CODE           	1068	0000	308
		_main          		CODE           	0BF2	0000	422
		_Update_Display		CODE           	0452	0000	872

main.c estimated size: 2842

C:\Program Files\Microchip\xc8\v3.00\pic\sources\c99\common\aldiv.c
		___aldiv       		CODE           	12C4	0000	268

C:\Program Files\Microchip\xc8\v3.00\pic\sources\c99\common\aldiv.c estimated size: 268

C:\Program Files\Microchip\xc8\v3.00\pic\sources\c99\common\doprnt.c
		_read_prec_or_width		CODE           	1B50	0000	174
		_vfpfcnvrt     		CODE           	07BA	0000	646
		_pad           		CODE           	2050	0000	144
		_dtoa          		CODE           	0F00	0000	360
		_vfprintf      		CODE           	25C2	0000	72
		_stoa          		CODE           	0D98	0000	360

C:\Program Files\Microchip\xc8\v3.00\pic\sources\c99\common\doprnt.c estimated size: 1756

